Archive member included to satisfy reference by file (symbol)

app/libapp.a(main.c.obj)      (--whole-archive)
app/libapp.a(imu_board_init.c.obj)
                              (--whole-archive)
app/libapp.a(imu_9axis.c.obj)
                              (--whole-archive)
app/libapp.a(minimal_test_serial.c.obj)
                              (--whole-archive)
app/libapp.a(test_can_loopback.c.obj)
                              (--whole-archive)
app/libapp.a(test_pwm_led.c.obj)
                              (--whole-archive)
app/libapp.a(imu_justfloat_test.c.obj)
                              (--whole-archive)
app/libapp.a(imu_temp_test.c.obj)
                              (--whole-archive)
app/libapp.a(uart_minimal_test.c.obj)
                              (--whole-archive)
app/libapp.a(bmi088_minimal_test.c.obj)
                              (--whole-archive)
app/libapp.a(ist8310_minimal_test.c.obj)
                              (--whole-archive)
zephyr/libzephyr.a(validate_libc.c.obj)
                              (--whole-archive)
zephyr/libzephyr.a(heap.c.obj)
                              (--whole-archive)
zephyr/libzephyr.a(mem_blocks.c.obj)
                              (--whole-archive)
zephyr/libzephyr.a(cbprintf_packaged.c.obj)
                              (--whole-archive)
zephyr/libzephyr.a(clock.c.obj)
                              (--whole-archive)
zephyr/libzephyr.a(printk.c.obj)
                              (--whole-archive)
zephyr/libzephyr.a(cbprintf_complete.c.obj)
                              (--whole-archive)
zephyr/libzephyr.a(assert.c.obj)
                              (--whole-archive)
zephyr/libzephyr.a(mpsc_pbuf.c.obj)
                              (--whole-archive)
zephyr/libzephyr.a(dec.c.obj)
                              (--whole-archive)
zephyr/libzephyr.a(hex.c.obj)
                              (--whole-archive)
zephyr/libzephyr.a(rb.c.obj)  (--whole-archive)
zephyr/libzephyr.a(set.c.obj)
                              (--whole-archive)
zephyr/libzephyr.a(timeutil.c.obj)
                              (--whole-archive)
zephyr/libzephyr.a(bitarray.c.obj)
                              (--whole-archive)
zephyr/libzephyr.a(bitmask.c.obj)
                              (--whole-archive)
zephyr/libzephyr.a(getopt.c.obj)
                              (--whole-archive)
zephyr/libzephyr.a(getopt_common.c.obj)
                              (--whole-archive)
zephyr/libzephyr.a(ring_buffer.c.obj)
                              (--whole-archive)
zephyr/libzephyr.a(last_section_id.c.obj)
                              (--whole-archive)
zephyr/libzephyr.a(configs.c.obj)
                              (--whole-archive)
zephyr/libzephyr.a(stm32cube_hal.c.obj)
                              (--whole-archive)
zephyr/libzephyr.a(soc_config.c.obj)
                              (--whole-archive)
zephyr/libzephyr.a(gpioport_mgr.c.obj)
                              (--whole-archive)
zephyr/libzephyr.a(stm32_backup_domain.c.obj)
                              (--whole-archive)
zephyr/libzephyr.a(soc.c.obj)
                              (--whole-archive)
zephyr/libzephyr.a(log_core.c.obj)
                              (--whole-archive)
zephyr/libzephyr.a(log_mgmt.c.obj)
                              (--whole-archive)
zephyr/libzephyr.a(log_cache.c.obj)
                              (--whole-archive)
zephyr/libzephyr.a(log_msg.c.obj)
                              (--whole-archive)
zephyr/libzephyr.a(log_output.c.obj)
                              (--whole-archive)
zephyr/libzephyr.a(log_backend_rtt.c.obj)
                              (--whole-archive)
zephyr/libzephyr.a(mem_attr.c.obj)
                              (--whole-archive)
zephyr/libzephyr.a(tracing_none.c.obj)
                              (--whole-archive)
zephyr/libzephyr.a(sem.c.obj)
                              (--whole-archive)
zephyr/libzephyr.a(thread_entry.c.obj)
                              (--whole-archive)
zephyr/arch/common/libarch__common.a(sw_isr_common.c.obj)
                              (--whole-archive)
zephyr/arch/common/libarch__common.a(init.c.obj)
                              (--whole-archive)
zephyr/arch/common/libarch__common.a(xip.c.obj)
                              (--whole-archive)
zephyr/arch/common/libarch__common.a(shared_irq.c.obj)
                              (--whole-archive)
zephyr/arch/arch/arm/core/libarch__arm__core.a(fatal.c.obj)
                              (--whole-archive)
zephyr/arch/arch/arm/core/libarch__arm__core.a(nmi.c.obj)
                              (--whole-archive)
zephyr/arch/arch/arm/core/libarch__arm__core.a(nmi_on_reset.S.obj)
                              (--whole-archive)
zephyr/arch/arch/arm/core/libarch__arm__core.a(tls.c.obj)
                              (--whole-archive)
zephyr/arch/arch/arm/core/cortex_m/libarch__arm__core__cortex_m.a(fault.c.obj)
                              (--whole-archive)
zephyr/arch/arch/arm/core/cortex_m/libarch__arm__core__cortex_m.a(fault_s.S.obj)
[...]
Memory Configuration

Name             Origin             Length             Attributes
FLASH            0x08000000         0x00100000         xr
RAM              0x20000000         0x00020000         xw
SRAM0            0x20000000         0x00020000         rw
DTCM             0x10000000         0x00010000         rw
IDT_LIST         0xffff7fff         0x00008000         xw
*default*        0x00000000         0xffffffff

Linker script and memory map

                0x0800c040                        vfprintf = __d_vfprintf
                0x00000000                        vfscanf = __d_vfscanf
LOAD zephyr/CMakeFiles/zephyr_final.dir/misc/empty_file.c.obj
LOAD zephyr/CMakeFiles/zephyr_final.dir/isr_tables.c.obj
LOAD zephyr/CMakeFiles/offsets.dir/./arch/arm/core/offsets/offsets.c.obj
LOAD app/libapp.a
LOAD zephyr/libzephyr.a
LOAD zephyr/arch/common/libarch__common.a
LOAD zephyr/arch/arch/arm/core/libarch__arm__core.a
LOAD zephyr/arch/arch/arm/core/cortex_m/libarch__arm__core__cortex_m.a
LOAD zephyr/arch/arch/arm/core/mpu/libarch__arm__core__mpu.a
LOAD zephyr/lib/libc/picolibc/liblib__libc__picolibc.a
LOAD zephyr/lib/libc/common/liblib__libc__common.a
LOAD zephyr/subsys/portability/posix/c_lib_ext/libsubsys__portability__posix__c_lib_ext.a
LOAD zephyr/subsys/rtio/libsubsys__rtio.a
LOAD zephyr/drivers/interrupt_controller/libdrivers__interrupt_controller.a
LOAD zephyr/drivers/can/libdrivers__can.a
LOAD zephyr/drivers/clock_control/libdrivers__clock_control.a
LOAD zephyr/drivers/console/libdrivers__console.a
LOAD zephyr/drivers/gpio/libdrivers__gpio.a
LOAD zephyr/drivers/i2c/libdrivers__i2c.a
LOAD zephyr/drivers/pinctrl/libdrivers__pinctrl.a
LOAD zephyr/drivers/pwm/libdrivers__pwm.a
LOAD zephyr/drivers/reset/libdrivers__reset.a
LOAD zephyr/drivers/sensor/bosch/bmi08x/libdrivers__sensor__bosch__bmi08x.a
LOAD zephyr/drivers/sensor/ist8310/libdrivers__sensor__ist8310.a
LOAD zephyr/drivers/sensor/libdrivers__sensor.a
LOAD zephyr/drivers/serial/libdrivers__serial.a
LOAD zephyr/drivers/spi/libdrivers__spi.a
LOAD zephyr/drivers/timer/libdrivers__timer.a
LOAD modules/hal_stm32/stm32cube/lib..__modules__hal__stm32__stm32cube.a
LOAD modules/segger/libmodules__segger.a
LOAD zephyr/kernel/libkernel.a
LOAD zephyr/arch/common/libisr_tables.a
LOAD E:/zephyr-sdk-1.0.1/gnu/arm-zephyr-eabi/bin/../lib/gcc/arm-zephyr-eabi/14.3.0/../../../../arm-zephyr-eabi/lib/thumb/v7e-m+fp/hard/space\libc.a
LOAD E:/zephyr-sdk-1.0.1/gnu/arm-zephyr-eabi/bin/../lib/gcc/arm-zephyr-eabi/14.3.0/thumb/v7e-m+fp/hard/space\libgcc.a
                0x00000080                        _region_min_align = 0x80

.rel.plt        0x08000000        0x0
 *(SORT_BY_ALIGNMENT(.rel.plt))
                [!provide]                        PROVIDE (__rel_iplt_start = .)
 *(SORT_BY_ALIGNMENT(.rel.iplt))
 .rel.iplt      0x08000000        0x0 zephyr/CMakeFiles/zephyr_final.dir/isr_tables.c.obj
                [!provide]                        PROVIDE (__rel_iplt_end = .)

.rela.plt       0x00000000        0x0
 *(SORT_BY_ALIGNMENT(.rela.plt))
                [!provide]                        PROVIDE (__rela_iplt_start = .)
 *(SORT_BY_ALIGNMENT(.rela.iplt))
                [!provide]                        PROVIDE (__rela_iplt_end = .)

.rel.dyn
 *(SORT_BY_ALIGNMENT(.rel.*))

.rela.dyn
 *(SORT_BY_ALIGNMENT(.rela.*))

/DISCARD/
 *(SORT_BY_ALIGNMENT(.plt))

/DISCARD/
 *(SORT_BY_ALIGNMENT(.iplt))
                0x08000000                        __rom_region_start = 0x8000000

rom_start       0x08000000      0x168
                0x08000000                        __rom_start_address = .
 FILL mask 0x00
                0x08000000                        . = (. + (0x0 - (. - __rom_start_address)))
                0x08000000                        . = ALIGN (0x4)
                0x08000000                        . = ALIGN (0x80)
                0x08000000                        . = ALIGN (0x200)
                0x08000000                        _vector_start = .
 *(SORT_BY_ALIGNMENT(.exc_vector_table))
 *(SORT_BY_ALIGNMENT(.exc_vector_table.*))
 .exc_vector_table._vector_table_section
                0x08000000       0x40 zephyr/arch/arch/arm/core/cortex_m/libarch__arm__core__cortex_m.a(vector_table.S.obj)
                0x08000000                _vector_table
 *(SORT_BY_ALIGNMENT(.vectors))
                0x08000168                        _vector_end = .
                0x08000040                        . = ALIGN (0x4)
 *(SORT_BY_ALIGNMENT(.gnu.linkonce.irq_vector_table*))
 .gnu.linkonce.irq_vector_table
                0x08000040      0x128 zephyr/CMakeFiles/zephyr_final.dir/isr_tables.c.obj
                0x08000040                _irq_vector_table
                0x08000168                        _vector_end = .

text            0x08000168    0x10ccc
                0x08000168                        __text_region_start = .
 *(SORT_BY_ALIGNMENT(.text))
 .text          0x08000168      0x378 E:/zephyr-sdk-1.0.1/gnu/arm-zephyr-eabi/bin/../lib/gcc/arm-zephyr-eabi/14.3.0/thumb/v7e-m+fp/hard/space\libgcc.a(_arm_addsubdf3.o)
                0x08000168                __aeabi_drsub
                0x08000170                __aeabi_dsub
                0x08000170                __subdf3
                0x08000174                __aeabi_dadd
                0x08000174                __adddf3
                0x080003ec                __floatunsidf
                0x080003ec                __aeabi_ui2d
                0x0800040c                __floatsidf
                0x0800040c                __aeabi_i2d
                0x08000430                __aeabi_f2d
                0x08000430                __extendsfdf2
                0x08000474                __floatundidf
                0x08000474                __aeabi_ul2d
                0x08000484                __floatdidf
                0x08000484                __aeabi_l2d
 .text          0x080004e0      0x424 E:/zephyr-sdk-1.0.1/gnu/arm-zephyr-eabi/bin/../lib/gcc/arm-zephyr-eabi/14.3.0/thumb/v7e-m+fp/hard/space\libgcc.a(_arm_muldivdf3.o)
                0x080004e0                __aeabi_dmul
                0x080004e0                __muldf3
                0x08000734                __divdf3
                0x08000734                __aeabi_ddiv
 .text          0x08000904       0xa0 E:/zephyr-sdk-1.0.1/gnu/arm-zephyr-eabi/bin/../lib/gcc/arm-zephyr-eabi/14.3.0/thumb/v7e-m+fp/hard/space\libgcc.a(_arm_truncdfsf2.o)
                0x08000904                __truncdfsf2
                0x08000904                __aeabi_d2f
 .text          0x080009a4      0x21c E:/zephyr-sdk-1.0.1/gnu/arm-zephyr-eabi/bin/../lib/gcc/arm-zephyr-eabi/14.3.0/thumb/v7e-m+fp/hard/space\libgcc.a(_arm_addsubsf3.o)
                0x080009a4                __aeabi_frsub
                0x080009ac                __subsf3
                0x080009ac                __aeabi_fsub
                0x080009b0                __aeabi_fadd
                0x080009b0                __addsf3
                0x08000b10                __aeabi_ui2f
                0x08000b10                __floatunsisf
                0x08000b18                __aeabi_i2f
                0x08000b18                __floatsisf
                0x08000b34                __aeabi_ul2f
                0x08000b34                __floatundisf
                0x08000b44                __aeabi_l2f
                0x08000b44                __floatdisf
 .text          0x08000bc0       0xa0 E:/zephyr-sdk-1.0.1/gnu/arm-zephyr-eabi/bin/../lib/gcc/arm-zephyr-eabi/14.3.0/thumb/v7e-m+fp/hard/space\libgcc.a(_aeabi_ldivmod.o)
                0x08000bc0                __aeabi_ldivmod
 .text          0x08000c60       0x30 E:/zephyr-sdk-1.0.1/gnu/arm-zephyr-eabi/bin/../lib/gcc/arm-zephyr-eabi/14.3.0/thumb/v7e-m+fp/hard/space\libgcc.a(_aeabi_uldivmod.o)
                0x08000c60                __aeabi_uldivmod
 .text          0x08000c90       0x40 E:/zephyr-sdk-1.0.1/gnu/arm-zephyr-eabi/bin/../lib/gcc/arm-zephyr-eabi/14.3.0/thumb/v7e-m+fp/hard/space\libgcc.a(_fixunssfdi.o)
                0x08000c90                __fixunssfdi
                0x08000c90                __aeabi_f2ulz
 .text          0x08000cd0        0x4 E:/zephyr-sdk-1.0.1/gnu/arm-zephyr-eabi/bin/../lib/gcc/arm-zephyr-eabi/14.3.0/thumb/v7e-m+fp/hard/space\libgcc.a(_dvmd_tls.o)
                0x08000cd0                __aeabi_idiv0
                0x08000cd0                __aeabi_ldiv0
 .text          0x08000cd4       0x40 E:/zephyr-sdk-1.0.1/gnu/arm-zephyr-eabi/bin/../lib/gcc/arm-zephyr-eabi/14.3.0/thumb/v7e-m+fp/hard/space\libgcc.a(_arm_fixunsdfsi.o)
                0x08000cd4                __aeabi_d2uiz
                0x08000cd4                __fixunsdfsi
 .text          0x08000d14       0x10 E:/zephyr-sdk-1.0.1/gnu/arm-zephyr-eabi/bin/../lib/gcc/arm-zephyr-eabi/14.3.0/../../../../arm-zephyr-eabi/lib/thumb/v7e-m+fp/hard/space\libc.a(strlen.S.o)
                0x08000d14                strlen
 .text          0x08000d24      0x2bc E:/zephyr-sdk-1.0.1/gnu/arm-zephyr-eabi/bin/../lib/gcc/arm-zephyr-eabi/14.3.0/thumb/v7e-m+fp/hard/space\libgcc.a(_udivmoddi4.o)
                0x08000d24                __udivmoddi4
 *(SORT_BY_ALIGNMENT(.text.*))
 .text.pwm_set.constprop.0
                0x08000fe0       0xa8 app/libapp.a(imu_9axis.c.obj)
 .text.fetch_xyz_once
                0x08001088       0xb8 app/libapp.a(imu_9axis.c.obj)
 .text.imu_9axis_sample
                0x08001140      0x508 app/libapp.a(imu_9axis.c.obj)
                0x08001140                imu_9axis_sample
 .text.bmi08x_attr_set
                0x08001648       0xa0 zephyr/drivers/sensor/bosch/bmi08x/libdrivers__sensor__bosch__bmi08x.a(bmi08x_accel.c.obj)
 .text.bmi08x_attr_set
                0x080016e8       0xa4 zephyr/drivers/sensor/bosch/bmi08x/libdrivers__sensor__bosch__bmi08x.a(bmi08x_gyro.c.obj)
 *fill*         0x0800178c        0x4 
 .text.bmi08x_decoder_decode
                0x08001790       0xe4 zephyr/drivers/sensor/bosch/bmi08x/libdrivers__sensor__bosch__bmi08x.a(bmi08x_gyro_decoder.c.obj)
 *fill*         0x08001874        0x4 
 .text.sensor_clock_cycles_to_ns
                0x08001878       0x24 zephyr/drivers/sensor/libdrivers__sensor.a(sensor_clock_sys.c.obj)
                0x08001878                sensor_clock_cycles_to_ns
 .text.main     0x0800189c       0x40 app/libapp.a(main.c.obj)
                0x0800189c                main
 .text.rm_c_imu_board_init
                0x080018dc      0x100 app/libapp.a(imu_board_init.c.obj)
 .text.fetch_xyz_retry.constprop.0
                0x080019dc       0x2c app/libapp.a(imu_9axis.c.obj)
 .text.imu_9axis_init
                0x08001a08      0x10c app/libapp.a(imu_9axis.c.obj)
                0x08001a08                imu_9axis_init
 .text.minimal_test_serial_init.part.0
                0x08001b14       0x1c app/libapp.a(minimal_test_serial.c.obj)
 .text.minimal_test_serial_init
                0x08001b30       0x1c app/libapp.a(minimal_test_serial.c.obj)
                0x08001b30                minimal_test_serial_init
 .text.minimal_test_serial_write
                0x08001b4c       0x44 app/libapp.a(minimal_test_serial.c.obj)
                0x08001b4c                minimal_test_serial_write
 .text.imu_temp_test_thread
                0x08001b90       0x64 app/libapp.a(imu_temp_test.c.obj)
 .text.test_imu_temp_start
                0x08001bf4       0x98 app/libapp.a(imu_temp_test.c.obj)
                0x08001bf4                test_imu_temp_start
 .text.free_list_add
                0x08001c8c       0x90 zephyr/libzephyr.a(heap.c.obj)
 .text.free_chunk_check.isra.0
                0x08001d1c       0x54 zephyr/libzephyr.a(heap.c.obj)
 .text.free_list_remove_bidx
                0x08001d70       0x78 zephyr/libzephyr.a(heap.c.obj)
 .text.sys_heap_free
                0x08001de8      0x158 zephyr/libzephyr.a(heap.c.obj)
                0x08001de8                sys_heap_free
 .text.sys_heap_init
                0x08001f40      0x124 zephyr/libzephyr.a(heap.c.obj)
                0x08001f40                sys_heap_init
 .text.sys_mem_blocks_alloc_contiguous
                0x08002064       0x70 zephyr/libzephyr.a(mem_blocks.c.obj)
                0x08002064                sys_mem_blocks_alloc_contiguous
 .text.sys_mem_blocks_free_contiguous
                0x080020d4       0x94 zephyr/libzephyr.a(mem_blocks.c.obj)
                0x080020d4                sys_mem_blocks_free_contiguous
 .text.cbvprintf_package
                0x08002168      0x3c0 zephyr/libzephyr.a(cbprintf_packaged.c.obj)
                0x08002168                cbvprintf_package
 .text.cbprintf_package_convert
                0x08002528      0x444 zephyr/libzephyr.a(cbprintf_packaged.c.obj)
                0x08002528                cbprintf_package_convert
 .text.__printk_hook_install
                0x0800296c        0xc zephyr/libzephyr.a(printk.c.obj)
                0x0800296c                __printk_hook_install
 .text.mpsc_pbuf_init
                0x08002978       0x64 zephyr/libzephyr.a(mpsc_pbuf.c.obj)
                0x08002978                mpsc_pbuf_init
 .text.mpsc_pbuf_alloc
                0x080029dc      0x188 zephyr/libzephyr.a(mpsc_pbuf.c.obj)
                0x080029dc                mpsc_pbuf_alloc
 .text.mpsc_pbuf_commit
                0x08002b64       0xb0 zephyr/libzephyr.a(mpsc_pbuf.c.obj)
                0x08002b64                mpsc_pbuf_commit
 .text.mpsc_pbuf_claim
                0x08002c14      0x124 zephyr/libzephyr.a(mpsc_pbuf.c.obj)
                0x08002c14                mpsc_pbuf_claim
 .text.mpsc_pbuf_free
                0x08002d38       0xe4 zephyr/libzephyr.a(mpsc_pbuf.c.obj)
                0x08002d38                mpsc_pbuf_free
 .text.mpsc_pbuf_is_pending
                0x08002e1c       0xa4 zephyr/libzephyr.a(mpsc_pbuf.c.obj)
                0x08002e1c                mpsc_pbuf_is_pending
 .text.sys_bitarray_alloc
                0x08002ec0      0x17c zephyr/libzephyr.a(bitarray.c.obj)
                0x08002ec0                sys_bitarray_alloc
 .text.sys_bitarray_free
                0x0800303c      0x148 zephyr/libzephyr.a(bitarray.c.obj)
                0x0800303c                sys_bitarray_free
 .text.st_stm32_common_config
                0x08003184       0x30 zephyr/libzephyr.a(soc_config.c.obj)
 .text.stm32_gpioport_init
                0x080031b4       0x20 zephyr/libzephyr.a(gpioport_mgr.c.obj)
 .text.stm32_gpioport_get
                0x080031d4       0x24 zephyr/libzephyr.a(gpioport_mgr.c.obj)
                0x080031d4                stm32_gpioport_get
 .text.soc_early_init_hook
                0x080031f8       0x30 zephyr/libzephyr.a(soc.c.obj)
                0x080031f8                soc_early_init_hook
 .text.log_backend_is_active
                0x08003228       0x30 zephyr/libzephyr.a(log_core.c.obj)
 .text.log_backend_is_ready
                0x08003258       0x34 zephyr/libzephyr.a(log_core.c.obj)
 .text.activate_foreach_backend
                0x0800328c       0x50 zephyr/libzephyr.a(log_core.c.obj)
 .text.enable_logger
                0x080032dc       0x58 zephyr/libzephyr.a(log_core.c.obj)
 .text.z_log_init
                0x08003334       0xdc zephyr/libzephyr.a(log_core.c.obj)
 .text.log_process_thread_timer_expiry_fn
                0x08003410        0xc zephyr/libzephyr.a(log_core.c.obj)
 .text.log_format_func_t_get
                0x0800341c        0xc zephyr/libzephyr.a(log_core.c.obj)
                0x0800341c                log_format_func_t_get
 .text.log_set_timestamp_func
                0x08003428       0x20 zephyr/libzephyr.a(log_core.c.obj)
                0x08003428                log_set_timestamp_func
 .text.z_log_notify_backend_enabled
                0x08003448       0x1c zephyr/libzephyr.a(log_core.c.obj)
                0x08003448                z_log_notify_backend_enabled
 .text.z_log_dropped
                0x08003464       0x44 zephyr/libzephyr.a(log_core.c.obj)
                0x08003464                z_log_dropped
 .text.z_log_dropped_read_and_clear
                0x080034a8       0x20 zephyr/libzephyr.a(log_core.c.obj)
                0x080034a8                z_log_dropped_read_and_clear
 .text.dropped_notify
                0x080034c8       0x64 zephyr/libzephyr.a(log_core.c.obj)
                0x080034c8                dropped_notify
 .text.z_log_msg_init
                0x0800352c       0x20 zephyr/libzephyr.a(log_core.c.obj)
                0x0800352c                z_log_msg_init
 .text.log_core_init
                0x0800354c       0x80 zephyr/libzephyr.a(log_core.c.obj)
                0x0800354c                log_core_init
 .text.z_log_msg_alloc
                0x080035cc       0x10 zephyr/libzephyr.a(log_core.c.obj)
                0x080035cc                z_log_msg_alloc
 .text.z_log_msg_local_claim
                0x080035dc        0xc zephyr/libzephyr.a(log_core.c.obj)
                0x080035dc                z_log_msg_local_claim
 .text.z_log_msg_free
                0x080035e8       0x10 zephyr/libzephyr.a(log_core.c.obj)
                0x080035e8                z_log_msg_free
 .text.z_log_msg_pending
                0x080035f8        0xc zephyr/libzephyr.a(log_core.c.obj)
                0x080035f8                z_log_msg_pending
 .text.z_impl_log_process
                0x08003604       0xe0 zephyr/libzephyr.a(log_core.c.obj)
                0x08003604                z_impl_log_process
 .text.z_impl_log_panic
                0x080036e4       0x74 zephyr/libzephyr.a(log_core.c.obj)
                0x080036e4                z_impl_log_panic
 .text.log_process_thread_func
                0x08003758      0x120 zephyr/libzephyr.a(log_core.c.obj)
 .text.z_log_msg_post_finalize
                0x08003878       0xe4 zephyr/libzephyr.a(log_core.c.obj)
 .text.z_log_msg_commit
                0x0800395c       0x24 zephyr/libzephyr.a(log_core.c.obj)
                0x0800395c                z_log_msg_commit
 .text.log_source_name_get
                0x08003980       0x1c zephyr/libzephyr.a(log_mgmt.c.obj)
                0x08003980                log_source_name_get
 .text.z_impl_z_log_msg_static_create
                0x0800399c      0x128 zephyr/libzephyr.a(log_msg.c.obj)
                0x0800399c                z_impl_z_log_msg_static_create
 .text.z_log_msg_runtime_vcreate
                0x08003ac4       0xe4 zephyr/libzephyr.a(log_msg.c.obj)
                0x08003ac4                z_log_msg_runtime_vcreate
 .text.log_msg_get_source_id
                0x08003ba8       0x18 zephyr/libzephyr.a(log_msg.c.obj)
                0x08003ba8                log_msg_get_source_id
 .text.print_formatted
                0x08003bc0       0x24 zephyr/libzephyr.a(log_output.c.obj)
 .text.newline_print
                0x08003be4       0x1c zephyr/libzephyr.a(log_output.c.obj)
 .text.out_func
                0x08003c00       0x60 zephyr/libzephyr.a(log_output.c.obj)
 .text.log_output_process
                0x08003c60      0x2ac zephyr/libzephyr.a(log_output.c.obj)
                0x08003c60                log_output_process
 .text.log_output_dropped_process
                0x08003f0c       0x58 zephyr/libzephyr.a(log_output.c.obj)
                0x08003f0c                log_output_dropped_process
 .text.log_output_timestamp_freq_set
                0x08003f64       0x2c zephyr/libzephyr.a(log_output.c.obj)
                0x08003f64                log_output_timestamp_freq_set
 .text.log_backend_rtt_init
                0x08003f90        0xc zephyr/libzephyr.a(log_backend_rtt.c.obj)
 .text.format_set
                0x08003f9c        0xc zephyr/libzephyr.a(log_backend_rtt.c.obj)
 .text.dropped  0x08003fa8        0xc zephyr/libzephyr.a(log_backend_rtt.c.obj)
 .text.process  0x08003fb4       0x24 zephyr/libzephyr.a(log_backend_rtt.c.obj)
 .text.panic    0x08003fd8       0x34 zephyr/libzephyr.a(log_backend_rtt.c.obj)
 .text.on_failed_write
                0x0800400c       0x28 zephyr/libzephyr.a(log_backend_rtt.c.obj)
 .text.data_out
                0x08004034       0x90 zephyr/libzephyr.a(log_backend_rtt.c.obj)
 .text.mem_attr_get_regions
                0x080040c4        0xc zephyr/libzephyr.a(mem_attr.c.obj)
                0x080040c4                mem_attr_get_regions
 .text.z_thread_entry
                0x080040d0       0x6c zephyr/libzephyr.a(thread_entry.c.obj)
                0x080040d0                z_thread_entry
 .text.arch_bss_zero
                0x0800413c       0x2c zephyr/arch/common/libarch__common.a(init.c.obj)
                0x0800413c                arch_bss_zero
 .text.arch_data_copy
                0x08004168       0x50 zephyr/arch/common/libarch__common.a(xip.c.obj)
                0x08004168                arch_data_copy
 .text.z_arm_fatal_error
                0x080041b8      0x120 zephyr/arch/arch/arm/core/libarch__arm__core.a(fatal.c.obj)
                0x080041b8                z_arm_fatal_error
 .text.z_SysNmiOnReset
                0x080042d8        0x8 zephyr/arch/arch/arm/core/libarch__arm__core.a(nmi_on_reset.S.obj)
                0x080042d8                z_SysNmiOnReset
 .text.arch_tls_stack_setup
                0x080042e0       0x40 zephyr/arch/arch/arm/core/libarch__arm__core.a(tls.c.obj)
                0x080042e0                arch_tls_stack_setup
 .text.usage_fault.isra.0
                0x08004320       0xa8 zephyr/arch/arch/arm/core/cortex_m/libarch__arm__core__cortex_m.a(fault.c.obj)
 .text.bus_fault.isra.0
                0x080043c8       0xd0 zephyr/arch/arch/arm/core/cortex_m/libarch__arm__core__cortex_m.a(fault.c.obj)
 .text.mem_manage_fault
                0x08004498      0x138 zephyr/arch/arch/arm/core/cortex_m/libarch__arm__core__cortex_m.a(fault.c.obj)
 .text.z_arm_fault
                0x080045d0      0x234 zephyr/arch/arch/arm/core/cortex_m/libarch__arm__core__cortex_m.a(fault.c.obj)
                0x080045d0                z_arm_fault
 .text.z_arm_fault_init
                0x08004804       0x18 zephyr/arch/arch/arm/core/cortex_m/libarch__arm__core__cortex_m.a(fault.c.obj)
                0x08004804                z_arm_fault_init
 .text.__fault  0x0800481c       0x14 zephyr/arch/arch/arm/core/cortex_m/libarch__arm__core__cortex_m.a(fault_s.S.obj)
                0x0800481c                z_arm_usage_fault
                0x0800481c                z_arm_mpu_fault
                0x0800481c                z_arm_exc_spurious
                0x0800481c                z_arm_debug_monitor
                0x0800481c                z_arm_hard_fault
                0x0800481c                z_arm_bus_fault
 .text._reset_section
                0x08004830       0x34 zephyr/arch/arch/arm/core/cortex_m/libarch__arm__core__cortex_m.a(reset.S.obj)
                0x08004830                __start
                0x08004830                z_arm_reset
 .text.z_arm_svc
                0x08004864       0x24 zephyr/arch/arch/arm/core/cortex_m/libarch__arm__core__cortex_m.a(svc.S.obj)
                0x08004864                z_arm_svc
 .text.arm_irq_enable
                0x08004888       0x1c zephyr/arch/arch/arm/core/cortex_m/libarch__arm__core__cortex_m.a(irq_manage.c.obj)
                0x08004888                arm_irq_enable
 .text.arm_irq_priority_set
                0x080048a4       0x68 zephyr/arch/arch/arm/core/cortex_m/libarch__arm__core__cortex_m.a(irq_manage.c.obj)
                0x080048a4                arm_irq_priority_set
 .text.relocate_vector_table
                0x0800490c       0x1c zephyr/arch/arch/arm/core/cortex_m/libarch__arm__core__cortex_m.a(prep_c.c.obj)
                0x0800490c                relocate_vector_table
 .text.z_prep_c
                0x08004928       0x4c zephyr/arch/arch/arm/core/cortex_m/libarch__arm__core__cortex_m.a(prep_c.c.obj)
                0x08004928                z_prep_c
 .text.arch_new_thread
                0x08004974       0x40 zephyr/arch/arch/arm/core/cortex_m/libarch__arm__core__cortex_m.a(thread.c.obj)
                0x08004974                arch_new_thread
 .text.z_arm_mpu_stack_guard_and_fpu_adjust
                0x080049b4       0x54 zephyr/arch/arch/arm/core/cortex_m/libarch__arm__core__cortex_m.a(thread.c.obj)
                0x080049b4                z_arm_mpu_stack_guard_and_fpu_adjust
 .text.z_check_thread_stack_fail
                0x08004a08       0x30 zephyr/arch/arch/arm/core/cortex_m/libarch__arm__core__cortex_m.a(thread.c.obj)
                0x08004a08                z_check_thread_stack_fail
 .text.arch_float_disable
                0x08004a38       0x48 zephyr/arch/arch/arm/core/cortex_m/libarch__arm__core__cortex_m.a(thread.c.obj)
                0x08004a38                arch_float_disable
 .text.arch_switch_to_main_thread
                0x08004a80       0x58 zephyr/arch/arch/arm/core/cortex_m/libarch__arm__core__cortex_m.a(thread.c.obj)
                0x08004a80                arch_switch_to_main_thread
 .text.z_arm_cpu_idle_init
                0x08004ad8        0xc zephyr/arch/arch/arm/core/cortex_m/libarch__arm__core__cortex_m.a(cpu_idle.c.obj)
                0x08004ad8                z_arm_cpu_idle_init
 .text._HandlerModeExit
                0x08004ae4       0x20 zephyr/arch/arch/arm/core/cortex_m/libarch__arm__core__cortex_m.a(exc_exit.c.obj)
                0x08004ae4                z_arm_int_exit
                0x08004ae4                z_arm_exc_exit
 .text.z_impl_k_thread_abort
                0x08004b04       0x2c zephyr/arch/arch/arm/core/cortex_m/libarch__arm__core__cortex_m.a(thread_abort.c.obj)
                0x08004b04                z_impl_k_thread_abort
 .text.z_arm_pendsv
                0x08004b30       0xa0 zephyr/arch/arch/arm/core/cortex_m/libarch__arm__core__cortex_m.a(swap_helper.S.obj)
                0x08004b30                z_arm_pendsv
 .text.z_arm_interrupt_init
                0x08004bd0       0x18 zephyr/arch/arch/arm/core/cortex_m/libarch__arm__core__cortex_m.a(irq_init.c.obj)
                0x08004bd0                z_arm_interrupt_init
 .text._isr_wrapper
                0x08004be8       0x24 zephyr/arch/arch/arm/core/cortex_m/libarch__arm__core__cortex_m.a(isr_wrapper.c.obj)
                0x08004be8                _isr_wrapper
 .text.__aeabi_read_tp
                0x08004c0c        0xc zephyr/arch/arch/arm/core/cortex_m/libarch__arm__core__cortex_m.a(__aeabi_read_tp.S.obj)
                0x08004c0c                __aeabi_read_tp
 .text.z_arm_configure_static_mpu_regions
                0x08004c18       0x18 zephyr/arch/arch/arm/core/mpu/libarch__arm__core__mpu.a(arm_core_mpu.c.obj)
                0x08004c18                z_arm_configure_static_mpu_regions
 .text.z_arm_configure_dynamic_mpu_regions
                0x08004c30       0x2c zephyr/arch/arch/arm/core/mpu/libarch__arm__core__mpu.a(arm_core_mpu.c.obj)
                0x08004c30                z_arm_configure_dynamic_mpu_regions
 .text.region_allocate_and_init
                0x08004c5c       0x54 zephyr/arch/arch/arm/core/mpu/libarch__arm__core__mpu.a(arm_mpu.c.obj)
 .text.mpu_configure_regions
                0x08004cb0       0x68 zephyr/arch/arch/arm/core/mpu/libarch__arm__core__mpu.a(arm_mpu.c.obj)
 .text.arm_core_mpu_enable
                0x08004d18       0x18 zephyr/arch/arch/arm/core/mpu/libarch__arm__core__mpu.a(arm_mpu.c.obj)
                0x08004d18                arm_core_mpu_enable
 .text.arm_core_mpu_disable
                0x08004d30       0x14 zephyr/arch/arch/arm/core/mpu/libarch__arm__core__mpu.a(arm_mpu.c.obj)
                0x08004d30                arm_core_mpu_disable
 .text.arm_core_mpu_configure_static_mpu_regions
                0x08004d44       0x4c zephyr/arch/arch/arm/core/mpu/libarch__arm__core__mpu.a(arm_mpu.c.obj)
                0x08004d44                arm_core_mpu_configure_static_mpu_regions
 .text.arm_core_mpu_configure_dynamic_mpu_regions
                0x08004d90       0x6c zephyr/arch/arch/arm/core/mpu/libarch__arm__core__mpu.a(arm_mpu.c.obj)
                0x08004d90                arm_core_mpu_configure_dynamic_mpu_regions
 .text.z_arm_mpu_init
                0x08004dfc      0x250 zephyr/arch/arch/arm/core/mpu/libarch__arm__core__mpu.a(arm_mpu.c.obj)
                0x08004dfc                z_arm_mpu_init
 .text.cbvprintf
                0x0800504c       0x38 zephyr/lib/libc/picolibc/liblib__libc__picolibc.a(cbprintf.c.obj)
                0x0800504c                cbvprintf
 .text.z_impl_zephyr_fputc
                0x08005084       0x10 zephyr/lib/libc/picolibc/liblib__libc__picolibc.a(stdio.c.obj)
                0x08005084                z_impl_zephyr_fputc
 .text.__stdout_hook_install
                0x08005094       0x18 zephyr/lib/libc/picolibc/liblib__libc__picolibc.a(stdio.c.obj)
                0x08005094                __stdout_hook_install
 .text.malloc_prepare
                0x080050ac       0x24 zephyr/lib/libc/common/liblib__libc__common.a(malloc.c.obj)
 .text.rtio_cqe_compute_flags
                0x080050d0       0x44 zephyr/subsys/rtio/libsubsys__rtio.a(rtio_executor.c.obj)
 .text.rtio_iodev_submit
                0x08005114       0x8c zephyr/subsys/rtio/libsubsys__rtio.a(rtio_executor.c.obj)
 .text.rtio_executor_submit
                0x080051a0       0xe0 zephyr/subsys/rtio/libsubsys__rtio.a(rtio_executor.c.obj)
                0x080051a0                rtio_executor_submit
 .text.rtio_init
                0x08005280       0xe0 zephyr/subsys/rtio/libsubsys__rtio.a(rtio_init.c.obj)
                0x08005280                rtio_init
 .text.rtio_sched_alarm
                0x08005360       0x14 zephyr/subsys/rtio/libsubsys__rtio.a(rtio_sched.c.obj)
                0x08005360                rtio_sched_alarm
 .text.rtio_workq_thread_fn
                0x08005374       0x30 zephyr/subsys/rtio/libsubsys__rtio.a(rtio_workq.c.obj)
 .text.static_init
                0x080053a4       0x84 zephyr/subsys/rtio/libsubsys__rtio.a(rtio_workq.c.obj)
 .text.stm32_exti_init
                0x08005428       0x2c zephyr/drivers/interrupt_controller/libdrivers__interrupt_controller.a(intc_exti_stm32.c.obj)
 .text.stm32_exti_is_pending
                0x08005454       0x38 zephyr/drivers/interrupt_controller/libdrivers__interrupt_controller.a(intc_exti_stm32.c.obj)
                0x08005454                stm32_exti_is_pending
 .text.stm32_exti_clear_pending
                0x0800548c       0x34 zephyr/drivers/interrupt_controller/libdrivers__interrupt_controller.a(intc_exti_stm32.c.obj)
                0x0800548c                stm32_exti_clear_pending
 .text.stm32_fill_irq_table
                0x080054c0       0x18 zephyr/drivers/interrupt_controller/libdrivers__interrupt_controller.a(intc_gpio_stm32.c.obj)
 .text.stm32_intc_gpio_isr
                0x080054d8       0x4c zephyr/drivers/interrupt_controller/libdrivers__interrupt_controller.a(intc_gpio_stm32.c.obj)
 .text.ll_exti_line_to_linenum
                0x08005524       0x58 zephyr/drivers/interrupt_controller/libdrivers__interrupt_controller.a(intc_gpio_stm32.c.obj)
 .text.stm32_gpio_intc_enable_line
                0x0800557c       0x24 zephyr/drivers/interrupt_controller/libdrivers__interrupt_controller.a(intc_gpio_stm32.c.obj)
                0x0800557c                stm32_gpio_intc_enable_line
 .text.stm32_gpio_intc_disable_line
                0x080055a0       0x10 zephyr/drivers/interrupt_controller/libdrivers__interrupt_controller.a(intc_gpio_stm32.c.obj)
                0x080055a0                stm32_gpio_intc_disable_line
 .text.stm32_gpio_intc_select_line_trigger
                0x080055b0       0x70 zephyr/drivers/interrupt_controller/libdrivers__interrupt_controller.a(intc_gpio_stm32.c.obj)
                0x080055b0                stm32_gpio_intc_select_line_trigger
 .text.stm32_gpio_intc_set_irq_callback
                0x08005620       0x38 zephyr/drivers/interrupt_controller/libdrivers__interrupt_controller.a(intc_gpio_stm32.c.obj)
                0x08005620                stm32_gpio_intc_set_irq_callback
 .text.stm32_gpio_intc_remove_irq_callback
                0x08005658       0x1c zephyr/drivers/interrupt_controller/libdrivers__interrupt_controller.a(intc_gpio_stm32.c.obj)
                0x08005658                stm32_gpio_intc_remove_irq_callback
 .text.stm32_exti_get_line_src_port
                0x08005674       0x30 zephyr/drivers/interrupt_controller/libdrivers__interrupt_controller.a(intc_gpio_stm32.c.obj)
                0x08005674                stm32_exti_get_line_src_port
 .text.z_impl_can_calc_timing
                0x080056a4      0x1d4 zephyr/drivers/can/libdrivers__can.a(can_common.c.obj)
                0x080056a4                z_impl_can_calc_timing
 .text.can_stm32_enter_init_mode
                0x08005878       0x3c zephyr/drivers/can/libdrivers__can.a(can_stm32_bxcan.c.obj)
 .text.can_stm32_set_timing
                0x080058b4       0x70 zephyr/drivers/can/libdrivers__can.a(can_stm32_bxcan.c.obj)
 .text.can_stm32_get_core_clock
                0x08005924       0x38 zephyr/drivers/can/libdrivers__can.a(can_stm32_bxcan.c.obj)
 .text.can_stm32_remove_rx_filter
                0x0800595c      0x118 zephyr/drivers/can/libdrivers__can.a(can_stm32_bxcan.c.obj)
 .text.can_stm32_set_mode
                0x08005a74       0x84 zephyr/drivers/can/libdrivers__can.a(can_stm32_bxcan.c.obj)
 .text.can_stm32_add_rx_filter
                0x08005af8      0x15c zephyr/drivers/can/libdrivers__can.a(can_stm32_bxcan.c.obj)
 .text.can_stm32_send
                0x08005c54      0x148 zephyr/drivers/can/libdrivers__can.a(can_stm32_bxcan.c.obj)
 .text.can_stm32_rx_isr
                0x08005d9c       0xc8 zephyr/drivers/can/libdrivers__can.a(can_stm32_bxcan.c.obj)
 .text.can_stm32_init
                0x08005e64      0x1a8 zephyr/drivers/can/libdrivers__can.a(can_stm32_bxcan.c.obj)
 .text.can_stm32_stop
                0x0800600c       0xb8 zephyr/drivers/can/libdrivers__can.a(can_stm32_bxcan.c.obj)
 .text.can_stm32_start
                0x080060c4       0xb0 zephyr/drivers/can/libdrivers__can.a(can_stm32_bxcan.c.obj)
 .text.stm32_clock_control_get_subsys_rate
                0x08006174       0xb8 zephyr/drivers/clock_control/libdrivers__clock_control.a(clock_stm32_ll_common.c.obj)
 .text.enabled_clock
                0x0800622c       0x20 zephyr/drivers/clock_control/libdrivers__clock_control.a(clock_stm32_ll_common.c.obj)
                0x0800622c                enabled_clock
 .text.stm32_clock_control_init
                0x0800624c      0x124 zephyr/drivers/clock_control/libdrivers__clock_control.a(clock_stm32_ll_common.c.obj)
                0x0800624c                stm32_clock_control_init
 .text.get_pllsrc_frequency
                0x08006370        0x8 zephyr/drivers/clock_control/libdrivers__clock_control.a(clock_stm32f2_f4_f7.c.obj)
                0x08006370                get_pllsrc_frequency
 .text.config_pll_sysclock
                0x08006378       0x38 zephyr/drivers/clock_control/libdrivers__clock_control.a(clock_stm32f2_f4_f7.c.obj)
                0x08006378                config_pll_sysclock
 .text.config_enable_default_clocks
                0x080063b0       0x20 zephyr/drivers/clock_control/libdrivers__clock_control.a(clock_stm32f2_f4_f7.c.obj)
                0x080063b0                config_enable_default_clocks
 .text.rtt_console_init
                0x080063d0       0x18 zephyr/drivers/console/libdrivers__console.a(rtt_console.c.obj)
 .text.rtt_console_out
                0x080063e8       0x48 zephyr/drivers/console/libdrivers__console.a(rtt_console.c.obj)
 .text.gpio_stm32_manage_callback
                0x08006430       0xa4 zephyr/drivers/gpio/libdrivers__gpio.a(gpio_stm32.c.obj)
 .text.gpio_stm32_pin_interrupt_configure
                0x080064d4       0xac zephyr/drivers/gpio/libdrivers__gpio.a(gpio_stm32.c.obj)
 .text.gpio_stm32_isr
                0x08006580       0x58 zephyr/drivers/gpio/libdrivers__gpio.a(gpio_stm32.c.obj)
 .text.i2c_rtio_next
                0x080065d8       0xbc zephyr/drivers/i2c/libdrivers__i2c.a(i2c_rtio.c.obj)
 .text.rtio_submit.constprop.0.isra.0
                0x08006694       0x7c zephyr/drivers/i2c/libdrivers__i2c.a(i2c_rtio.c.obj)
 .text.i2c_rtio_copy
                0x08006710       0xa0 zephyr/drivers/i2c/libdrivers__i2c.a(i2c_rtio.c.obj)
                0x08006710                i2c_rtio_copy
 .text.i2c_rtio_init
                0x080067b0       0x30 zephyr/drivers/i2c/libdrivers__i2c.a(i2c_rtio.c.obj)
                0x080067b0                i2c_rtio_init
 .text.i2c_rtio_transfer
                0x080067e0       0x78 zephyr/drivers/i2c/libdrivers__i2c.a(i2c_rtio.c.obj)
                0x080067e0                i2c_rtio_transfer
 .text.i2c_rtio_configure
                0x08006858       0x6c zephyr/drivers/i2c/libdrivers__i2c.a(i2c_rtio.c.obj)
                0x08006858                i2c_rtio_configure
 .text.i2c_stm32_activate
                0x080068c4       0x68 zephyr/drivers/i2c/libdrivers__i2c.a(i2c_stm32_common.c.obj)
                0x080068c4                i2c_stm32_activate
 .text.i2c_stm32_transfer
                0x0800692c       0x60 zephyr/drivers/i2c/libdrivers__i2c.a(i2c_stm32_rtio.c.obj)
 .text.i2c_stm32_runtime_configure
                0x0800698c       0x68 zephyr/drivers/i2c/libdrivers__i2c.a(i2c_stm32_rtio.c.obj)
                0x0800698c                i2c_stm32_runtime_configure
 .text.i2c_stm32_init
                0x080069f4       0x90 zephyr/drivers/i2c/libdrivers__i2c.a(i2c_stm32_rtio.c.obj)
 .text.i2c_stm32_start
                0x08006a84       0x98 zephyr/drivers/i2c/libdrivers__i2c.a(i2c_stm32_rtio.c.obj)
                0x08006a84                i2c_stm32_start
 .text.i2c_stm32_configure_timing
                0x08006b1c       0xa8 zephyr/drivers/i2c/libdrivers__i2c.a(i2c_stm32_v1_rtio.c.obj)
                0x08006b1c                i2c_stm32_configure_timing
 .text.pwm_stm32_set_cycles
                0x08006bc4      0x264 zephyr/drivers/pwm/libdrivers__pwm.a(pwm_stm32.c.obj)
 .text.pwm_stm32_init
                0x08006e28      0x274 zephyr/drivers/pwm/libdrivers__pwm.a(pwm_stm32.c.obj)
 .text.bmi08x_bus_init_spi.part.0
                0x0800709c       0x14 zephyr/drivers/sensor/bosch/bmi08x/libdrivers__sensor__bosch__bmi08x.a(bmi08x_accel.c.obj)
 .text.bmi08x_channel_get
                0x080070b0       0xcc zephyr/drivers/sensor/bosch/bmi08x/libdrivers__sensor__bosch__bmi08x.a(bmi08x_accel.c.obj)
 .text.bmi08x_acc_range_set
                0x0800717c       0x68 zephyr/drivers/sensor/bosch/bmi08x/libdrivers__sensor__bosch__bmi08x.a(bmi08x_accel.c.obj)
 .text.bmi08x_accel_init
                0x080071e4      0x14c zephyr/drivers/sensor/bosch/bmi08x/libdrivers__sensor__bosch__bmi08x.a(bmi08x_accel.c.obj)
                0x080071e4                bmi08x_accel_init
 .text.bmi08x_channel_get
                0x08007330       0x54 zephyr/drivers/sensor/bosch/bmi08x/libdrivers__sensor__bosch__bmi08x.a(bmi08x_gyro.c.obj)
 .text.bmi08x_gyr_range_set
                0x08007384       0x48 zephyr/drivers/sensor/bosch/bmi08x/libdrivers__sensor__bosch__bmi08x.a(bmi08x_gyro.c.obj)
 .text.bmi08x_gyro_init
                0x080073cc       0xe4 zephyr/drivers/sensor/bosch/bmi08x/libdrivers__sensor__bosch__bmi08x.a(bmi08x_gyro.c.obj)
                0x080073cc                bmi08x_gyro_init
 .text.bmi08x_freq_to_odr_val
                0x080074b0       0x34 zephyr/drivers/sensor/bosch/bmi08x/libdrivers__sensor__bosch__bmi08x.a(bmi08x.c.obj)
                0x080074b0                bmi08x_freq_to_odr_val
 .text.bmi08x_prep_reg_read_rtio_async
                0x080074e4       0xcc zephyr/drivers/sensor/bosch/bmi08x/libdrivers__sensor__bosch__bmi08x.a(bmi08x_bus.c.obj)
                0x080074e4                bmi08x_prep_reg_read_rtio_async
 .text.bmi08x_gyro_async_submit
                0x080075b0      0x1e0 zephyr/drivers/sensor/bosch/bmi08x/libdrivers__sensor__bosch__bmi08x.a(bmi08x_gyro_async.c.obj)
                0x080075b0                bmi08x_gyro_async_submit
 .text.bmi08x_gyro_decoder_get
                0x08007790        0xc zephyr/drivers/sensor/bosch/bmi08x/libdrivers__sensor__bosch__bmi08x.a(bmi08x_gyro_decoder.c.obj)
                0x08007790                bmi08x_gyro_decoder_get
 .text.bmi08x_accel_async_submit
                0x0800779c      0x1e0 zephyr/drivers/sensor/bosch/bmi08x/libdrivers__sensor__bosch__bmi08x.a(bmi08x_accel_async.c.obj)
                0x0800779c                bmi08x_accel_async_submit
 .text.bmi08x_decoder_decode
                0x0800797c      0x178 zephyr/drivers/sensor/bosch/bmi08x/libdrivers__sensor__bosch__bmi08x.a(bmi08x_accel_decoder.c.obj)
 .text.bmi08x_accel_decoder_get
                0x08007af4        0xc zephyr/drivers/sensor/bosch/bmi08x/libdrivers__sensor__bosch__bmi08x.a(bmi08x_accel_decoder.c.obj)
                0x08007af4                bmi08x_accel_decoder_get
 .text.ist8310_init.part.0
                0x08007b00       0x18 zephyr/drivers/sensor/ist8310/libdrivers__sensor__ist8310.a(ist8310.c.obj)
 .text.ist8310_sample_fetch
                0x08007b18       0x8c zephyr/drivers/sensor/ist8310/libdrivers__sensor__ist8310.a(ist8310.c.obj)
 .text.sensor_value_from_float.isra.0
                0x08007ba4       0x4c zephyr/drivers/sensor/ist8310/libdrivers__sensor__ist8310.a(ist8310.c.obj)
 .text.ist8310_channel_get
                0x08007bf0       0x90 zephyr/drivers/sensor/ist8310/libdrivers__sensor__ist8310.a(ist8310.c.obj)
 .text.ist8310_init
                0x08007c80      0x154 zephyr/drivers/sensor/ist8310/libdrivers__sensor__ist8310.a(ist8310.c.obj)
 .text.sensor_decoders_init
                0x08007dd4       0x48 zephyr/drivers/sensor/libdrivers__sensor.a(sensor_decoders_init.c.obj)
 .text.uart_stm32_irq_err_enable
                0x08007e1c       0x70 zephyr/drivers/serial/libdrivers__serial.a(uart_stm32.c.obj)
 .text.uart_stm32_irq_err_disable
                0x08007e8c       0x70 zephyr/drivers/serial/libdrivers__serial.a(uart_stm32.c.obj)
 .text.uart_stm32_set_baudrate
                0x08007efc       0xf4 zephyr/drivers/serial/libdrivers__serial.a(uart_stm32.c.obj)
 .text.uart_stm32_parameters_set
                0x08007ff0      0x100 zephyr/drivers/serial/libdrivers__serial.a(uart_stm32.c.obj)
 .text.uart_stm32_init
                0x080080f0       0xe4 zephyr/drivers/serial/libdrivers__serial.a(uart_stm32.c.obj)
 .text.uart_stm32_configure
                0x080081d4       0xe4 zephyr/drivers/serial/libdrivers__serial.a(uart_stm32.c.obj)
 .text.spi_spin_unlock
                0x080082b8       0x48 zephyr/drivers/spi/libdrivers__spi.a(spi_rtio.c.obj)
 .text.spi_rtio_next
                0x08008300       0x80 zephyr/drivers/spi/libdrivers__spi.a(spi_rtio.c.obj)
 .text.spi_rtio_init
                0x08008380       0x2c zephyr/drivers/spi/libdrivers__spi.a(spi_rtio.c.obj)
                0x08008380                spi_rtio_init
 .text.spi_rtio_transceive
                0x080083ac      0x15c zephyr/drivers/spi/libdrivers__spi.a(spi_rtio.c.obj)
                0x080083ac                spi_rtio_transceive
 .text.gpio_pin_set_dt.isra.0
                0x08008508       0x64 zephyr/drivers/spi/libdrivers__spi.a(spi_stm32.c.obj)
 .text.spi_stm32_send_next_frame.isra.0
                0x0800856c       0xb0 zephyr/drivers/spi/libdrivers__spi.a(spi_stm32.c.obj)
 .text.spi_stm32_read_next_frame.isra.0
                0x0800861c       0xa4 zephyr/drivers/spi/libdrivers__spi.a(spi_stm32.c.obj)
 .text.spi_stm32_get_err
                0x080086c0       0x68 zephyr/drivers/spi/libdrivers__spi.a(spi_stm32.c.obj)
 .text.spi_stm32_init
                0x08008728      0x1a8 zephyr/drivers/spi/libdrivers__spi.a(spi_stm32.c.obj)
 .text.spi_stm32_iodev_prepare_start
                0x080088d0      0x1f8 zephyr/drivers/spi/libdrivers__spi.a(spi_stm32.c.obj)
 .text.spi_stm32_iodev_start
                0x08008ac8       0x94 zephyr/drivers/spi/libdrivers__spi.a(spi_stm32.c.obj)
 .text.elapsed  0x08008b5c       0x44 zephyr/drivers/timer/libdrivers__timer.a(cortex_m_systick.c.obj)
 .text.sys_clock_driver_init
                0x08008ba0       0x34 zephyr/drivers/timer/libdrivers__timer.a(cortex_m_systick.c.obj)
 .text.sys_clock_isr
                0x08008bd4       0x6c zephyr/drivers/timer/libdrivers__timer.a(cortex_m_systick.c.obj)
                0x08008bd4                sys_clock_isr
 .text.sys_clock_set_timeout
                0x08008c40      0x160 zephyr/drivers/timer/libdrivers__timer.a(cortex_m_systick.c.obj)
                0x08008c40                sys_clock_set_timeout
 .text.sys_clock_elapsed
                0x08008da0       0xa8 zephyr/drivers/timer/libdrivers__timer.a(cortex_m_systick.c.obj)
                0x08008da0                sys_clock_elapsed
 .text.sys_clock_cycle_get_32
                0x08008e48       0x94 zephyr/drivers/timer/libdrivers__timer.a(cortex_m_systick.c.obj)
                0x08008e48                sys_clock_cycle_get_32
 .text.sys_clock_cycle_get_64
                0x08008edc       0x9c zephyr/drivers/timer/libdrivers__timer.a(cortex_m_systick.c.obj)
                0x08008edc                sys_clock_cycle_get_64
 .text.HAL_RCC_GetSysClockFreq
                0x08008f78       0x5c modules/hal_stm32/stm32cube/lib..__modules__hal__stm32__stm32cube.a(stm32f4xx_hal_rcc.c.obj)
                0x08008f78                HAL_RCC_GetSysClockFreq
 .text.LL_SetFlashLatency
                0x08008fd4       0xcc modules/hal_stm32/stm32cube/lib..__modules__hal__stm32__stm32cube.a(stm32f4xx_ll_utils.c.obj)
                0x08008fd4                LL_SetFlashLatency
 .text._DoInit  0x080090a0       0x60 modules/segger/libmodules__segger.a(SEGGER_RTT.c.obj)
 .text.SEGGER_RTT_WriteSkipNoLock
                0x08009100       0x94 modules/segger/libmodules__segger.a(SEGGER_RTT.c.obj)
                0x08009100                SEGGER_RTT_WriteSkipNoLock
 .text.SEGGER_RTT_WriteNoLock
                0x08009194       0x58 modules/segger/libmodules__segger.a(SEGGER_RTT.c.obj)
                0x08009194                SEGGER_RTT_WriteNoLock
 .text.SEGGER_RTT_Write
                0x080091ec       0x34 modules/segger/libmodules__segger.a(SEGGER_RTT.c.obj)
                0x080091ec                SEGGER_RTT_Write
 .text.SEGGER_RTT_HasDataUp
                0x08009220       0x14 modules/segger/libmodules__segger.a(SEGGER_RTT.c.obj)
                0x08009220                SEGGER_RTT_HasDataUp
 .text.SEGGER_RTT_Init
                0x08009234       0x30 modules/segger/libmodules__segger.a(SEGGER_RTT.c.obj)
                0x08009234                SEGGER_RTT_Init
 .text.do_device_init
                0x08009264       0x60 zephyr/kernel/libkernel.a(device.c.obj)
                0x08009264                do_device_init
 .text.k_sys_fatal_error_handler
                0x080092c4       0x20 zephyr/kernel/libkernel.a(fatal.c.obj)
                0x080092c4                k_sys_fatal_error_handler
 .text.z_fatal_error
                0x080092e4      0x118 zephyr/kernel/libkernel.a(fatal.c.obj)
                0x080092e4                z_fatal_error
 .text.z_sys_init_run_level
                0x080093fc       0x30 zephyr/kernel/libkernel.a(init.c.obj)
 .text.bg_thread_main
                0x0800942c      0x104 zephyr/kernel/libkernel.a(init.c.obj)
 .text.z_init_cpu
                0x08009530       0x78 zephyr/kernel/libkernel.a(init.c.obj)
                0x08009530                z_init_cpu
 .text.z_cstart
                0x080095a8      0x110 zephyr/kernel/libkernel.a(init.c.obj)
                0x080095a8                z_cstart
 .text.init_mem_slab_obj_core_list
                0x080096b8       0x54 zephyr/kernel/libkernel.a(mem_slab.c.obj)
 .text.k_mem_slab_free
                0x0800970c      0x178 zephyr/kernel/libkernel.a(mem_slab.c.obj)
                0x0800970c                k_mem_slab_free
 .text.idle     0x08009884       0x48 zephyr/kernel/libkernel.a(idle.c.obj)
                0x08009884                idle
 .text.z_impl_k_mutex_lock
                0x080098cc      0x190 zephyr/kernel/libkernel.a(mutex.c.obj)
                0x080098cc                z_impl_k_mutex_lock
 .text.z_impl_k_mutex_unlock
                0x08009a5c      0x1a4 zephyr/kernel/libkernel.a(mutex.c.obj)
                0x08009a5c                z_impl_k_mutex_unlock
 .text.z_impl_k_queue_get
                0x08009c00       0xd4 zephyr/kernel/libkernel.a(queue.c.obj)
                0x08009c00                z_impl_k_queue_get
 .text.unpend_thread_no_timeout
                0x08009cd4       0x40 zephyr/kernel/libkernel.a(sem.c.obj)
 .text.z_impl_k_sem_give
                0x08009d14       0xfc zephyr/kernel/libkernel.a(sem.c.obj)
                0x08009d14                z_impl_k_sem_give
 .text.z_impl_k_sem_take
                0x08009e10       0xf4 zephyr/kernel/libkernel.a(sem.c.obj)
                0x08009e10                z_impl_k_sem_take
 .text.z_impl_k_sem_reset
                0x08009f04      0x104 zephyr/kernel/libkernel.a(sem.c.obj)
                0x08009f04                z_impl_k_sem_reset
 .text.z_impl_k_thread_name_set
                0x0800a008       0x20 zephyr/kernel/libkernel.a(thread.c.obj)
                0x0800a008                z_impl_k_thread_name_set
 .text.z_setup_new_thread
                0x0800a028      0x19c zephyr/kernel/libkernel.a(thread.c.obj)
                0x0800a028                z_setup_new_thread
 .text.z_impl_k_thread_create
                0x0800a1c4       0x8c zephyr/kernel/libkernel.a(thread.c.obj)
                0x0800a1c4                z_impl_k_thread_create
 .text.z_dummy_thread_init
                0x0800a250       0x1c zephyr/kernel/libkernel.a(thread.c.obj)
                0x0800a250                z_dummy_thread_init
 .text.ready_thread
                0x0800a26c       0xd0 zephyr/kernel/libkernel.a(sched.c.obj)
 .text.unready_thread
                0x0800a33c       0xbc zephyr/kernel/libkernel.a(sched.c.obj)
 .text.z_swap_irqlock
                0x0800a3f8       0x6c zephyr/kernel/libkernel.a(sched.c.obj)
 .text.reschedule
                0x0800a464       0x8c zephyr/kernel/libkernel.a(sched.c.obj)
 .text.unpend_thread_no_timeout
                0x0800a4f0       0x38 zephyr/kernel/libkernel.a(sched.c.obj)
 .text.move_current_to_end_of_prio_q
                0x0800a528       0x6c zephyr/kernel/libkernel.a(sched.c.obj)
                0x0800a528                move_current_to_end_of_prio_q
 .text.z_ready_thread
                0x0800a594       0x8c zephyr/kernel/libkernel.a(sched.c.obj)
                0x0800a594                z_ready_thread
 .text.z_unpend_thread_no_timeout
                0x0800a620       0x90 zephyr/kernel/libkernel.a(sched.c.obj)
                0x0800a620                z_unpend_thread_no_timeout
 .text.z_thread_timeout
                0x0800a6b0       0x90 zephyr/kernel/libkernel.a(sched.c.obj)
                0x0800a6b0                z_thread_timeout
 .text.z_pend_curr
                0x0800a740      0x10c zephyr/kernel/libkernel.a(sched.c.obj)
                0x0800a740                z_pend_curr
 .text.z_unpend1_no_timeout
                0x0800a84c       0x9c zephyr/kernel/libkernel.a(sched.c.obj)
                0x0800a84c                z_unpend1_no_timeout
 .text.z_thread_prio_set
                0x0800a8e8      0x1b4 zephyr/kernel/libkernel.a(sched.c.obj)
                0x0800a8e8                z_thread_prio_set
 .text.k_sched_lock
                0x0800aa9c       0xe4 zephyr/kernel/libkernel.a(sched.c.obj)
                0x0800aa9c                k_sched_lock
 .text.k_sched_unlock
                0x0800ab80       0xe4 zephyr/kernel/libkernel.a(sched.c.obj)
                0x0800ab80                k_sched_unlock
 .text.z_unpend_all
                0x0800ac64       0x90 zephyr/kernel/libkernel.a(sched.c.obj)
                0x0800ac64                z_unpend_all
 .text.z_sched_init
                0x0800acf4       0x10 zephyr/kernel/libkernel.a(sched.c.obj)
                0x0800acf4                z_sched_init
 .text.z_impl_k_yield
                0x0800ad04      0x11c zephyr/kernel/libkernel.a(sched.c.obj)
                0x0800ad04                z_impl_k_yield
 .text.z_tick_sleep
                0x0800ae20      0x114 zephyr/kernel/libkernel.a(sched.c.obj)
 .text.z_impl_k_sleep
                0x0800af34       0x50 zephyr/kernel/libkernel.a(sched.c.obj)
                0x0800af34                z_impl_k_sleep
 .text.z_impl_k_wakeup
                0x0800af84       0xb0 zephyr/kernel/libkernel.a(sched.c.obj)
                0x0800af84                z_impl_k_wakeup
 .text.z_impl_k_sched_current_thread_query
                0x0800b034        0xc zephyr/kernel/libkernel.a(sched.c.obj)
                0x0800b034                z_impl_k_sched_current_thread_query
 .text.z_thread_abort
                0x0800b040      0x270 zephyr/kernel/libkernel.a(sched.c.obj)
                0x0800b040                z_thread_abort
 .text.z_time_slice_size
                0x0800b2b0       0x40 zephyr/kernel/libkernel.a(timeslicing.c.obj)
 .text.slice_timeout
                0x0800b2f0       0x5c zephyr/kernel/libkernel.a(timeslicing.c.obj)
 .text.z_reset_time_slice
                0x0800b34c       0x44 zephyr/kernel/libkernel.a(timeslicing.c.obj)
                0x0800b34c                z_reset_time_slice
 .text.z_time_slice
                0x0800b390       0xc8 zephyr/kernel/libkernel.a(timeslicing.c.obj)
                0x0800b390                z_time_slice
 .text.z_spin_lock_valid
                0x0800b458       0x1c zephyr/kernel/libkernel.a(spinlock_validate.c.obj)
                0x0800b458                z_spin_lock_valid
 .text.z_spin_unlock_valid
                0x0800b474       0x2c zephyr/kernel/libkernel.a(spinlock_validate.c.obj)
                0x0800b474                z_spin_unlock_valid
 .text.z_spin_lock_set_owner
                0x0800b4a0       0x10 zephyr/kernel/libkernel.a(spinlock_validate.c.obj)
                0x0800b4a0                z_spin_lock_set_owner
 .text.z_thread_monitor_exit
                0x0800b4b0       0xa8 zephyr/kernel/libkernel.a(thread_monitor.c.obj)
                0x0800b4b0                z_thread_monitor_exit
 .text.first    0x0800b558       0x10 zephyr/kernel/libkernel.a(timeout.c.obj)
 .text.elapsed  0x0800b568       0x14 zephyr/kernel/libkernel.a(timeout.c.obj)
 .text.remove_timeout
                0x0800b57c       0x38 zephyr/kernel/libkernel.a(timeout.c.obj)
 .text.z_add_timeout
                0x0800b5b4      0x1b8 zephyr/kernel/libkernel.a(timeout.c.obj)
                0x0800b5b4                z_add_timeout
 .text.z_abort_timeout
                0x0800b76c       0xd8 zephyr/kernel/libkernel.a(timeout.c.obj)
                0x0800b76c                z_abort_timeout
 .text.sys_clock_announce_locked
                0x0800b844      0x134 zephyr/kernel/libkernel.a(timeout.c.obj)
                0x0800b844                sys_clock_announce_locked
 .text.sys_clock_lock
                0x0800b978       0x54 zephyr/kernel/libkernel.a(timeout.c.obj)
                0x0800b978                sys_clock_lock
 .text.sys_clock_tick_get
                0x0800b9cc       0x9c zephyr/kernel/libkernel.a(timeout.c.obj)
                0x0800b9cc                sys_clock_tick_get
 .text.z_timer_expiration_handler
                0x0800ba68      0x1a0 zephyr/kernel/libkernel.a(timer.c.obj)
                0x0800ba68                z_timer_expiration_handler
 .text.z_impl_k_timer_start
                0x0800bc08       0xdc zephyr/kernel/libkernel.a(timer.c.obj)
                0x0800bc08                z_impl_k_timer_start
 .text.z_impl_k_timer_stop
                0x0800bce4       0xe4 zephyr/kernel/libkernel.a(timer.c.obj)
                0x0800bce4                z_impl_k_timer_stop
 .text.boot_banner
                0x0800bdc8        0xc zephyr/kernel/libkernel.a(banner.c.obj)
                0x0800bdc8                boot_banner
 .text.statics_init
                0x0800bdd4       0x50 zephyr/kernel/libkernel.a(kheap.c.obj)
 .text.k_heap_free
                0x0800be24       0xa8 zephyr/kernel/libkernel.a(kheap.c.obj)
                0x0800be24                k_heap_free
 .text.snprintf
                0x0800becc       0x54 E:/zephyr-sdk-1.0.1/gnu/arm-zephyr-eabi/bin/../lib/gcc/arm-zephyr-eabi/14.3.0/../../../../arm-zephyr-eabi/lib/thumb/v7e-m+fp/hard/space\libc.a(libc_tinystdio_snprintf.c.o)
                0x0800becc                snprintf
 .text.skip_to_arg
                0x0800bf20      0x120 E:/zephyr-sdk-1.0.1/gnu/arm-zephyr-eabi/bin/../lib/gcc/arm-zephyr-eabi/14.3.0/../../../../arm-zephyr-eabi/lib/thumb/v7e-m+fp/hard/space\libc.a(libc_tinystdio_vfprintf.c.o)
 .text.vfprintf
                0x0800c040      0x95c E:/zephyr-sdk-1.0.1/gnu/arm-zephyr-eabi/bin/../lib/gcc/arm-zephyr-eabi/14.3.0/../../../../arm-zephyr-eabi/lib/thumb/v7e-m+fp/hard/space\libc.a(libc_tinystdio_vfprintf.c.o)
                0x0800c040                __d_vfprintf
 .text.vsnprintf
                0x0800c99c       0x4c E:/zephyr-sdk-1.0.1/gnu/arm-zephyr-eabi/bin/../lib/gcc/arm-zephyr-eabi/14.3.0/../../../../arm-zephyr-eabi/lib/thumb/v7e-m+fp/hard/space\libc.a(libc_tinystdio_vsnprintf.c.o)
                0x0800c99c                vsnprintf
 .text.div10    0x0800c9e8       0x28 E:/zephyr-sdk-1.0.1/gnu/arm-zephyr-eabi/bin/../lib/gcc/arm-zephyr-eabi/14.3.0/../../../../arm-zephyr-eabi/lib/thumb/v7e-m+fp/hard/space\libc.a(libc_tinystdio_dtoa_ryu.c.o)
 .text.__dtoa_engine
                0x0800ca10      0x474 E:/zephyr-sdk-1.0.1/gnu/arm-zephyr-eabi/bin/../lib/gcc/arm-zephyr-eabi/14.3.0/../../../../arm-zephyr-eabi/lib/thumb/v7e-m+fp/hard/space\libc.a(libc_tinystdio_dtoa_ryu.c.o)
                0x0800ca10                __dtoa_engine
 .text.__log10Pow2
                0x0800ce84        0xc E:/zephyr-sdk-1.0.1/gnu/arm-zephyr-eabi/bin/../lib/gcc/arm-zephyr-eabi/14.3.0/../../../../arm-zephyr-eabi/lib/thumb/v7e-m+fp/hard/space\libc.a(libc_tinystdio_ryu_log10.c.o)
                0x0800ce84                __log10Pow2
 .text.__log10Pow5
                0x0800ce90        0xc E:/zephyr-sdk-1.0.1/gnu/arm-zephyr-eabi/bin/../lib/gcc/arm-zephyr-eabi/14.3.0/../../../../arm-zephyr-eabi/lib/thumb/v7e-m+fp/hard/space\libc.a(libc_tinystdio_ryu_log10.c.o)
                0x0800ce90                __log10Pow5
 .text.__pow5bits
                0x0800ce9c       0x10 E:/zephyr-sdk-1.0.1/gnu/arm-zephyr-eabi/bin/../lib/gcc/arm-zephyr-eabi/14.3.0/../../../../arm-zephyr-eabi/lib/thumb/v7e-m+fp/hard/space\libc.a(libc_tinystdio_ryu_pow5bits.c.o)
                0x0800ce9c                __pow5bits
 .text.__pow5Factor
                0x0800ceac       0x30 E:/zephyr-sdk-1.0.1/gnu/arm-zephyr-eabi/bin/../lib/gcc/arm-zephyr-eabi/14.3.0/../../../../arm-zephyr-eabi/lib/thumb/v7e-m+fp/hard/space\libc.a(libc_tinystdio_ryu_table.c.o)
                0x0800ceac                __pow5Factor
 .text.__double_computePow5
                0x0800cedc       0xe8 E:/zephyr-sdk-1.0.1/gnu/arm-zephyr-eabi/bin/../lib/gcc/arm-zephyr-eabi/14.3.0/../../../../arm-zephyr-eabi/lib/thumb/v7e-m+fp/hard/space\libc.a(libc_tinystdio_ryu_table.c.o)
                0x0800cedc                __double_computePow5
 .text.__double_computeInvPow5
                0x0800cfc4       0xf8 E:/zephyr-sdk-1.0.1/gnu/arm-zephyr-eabi/bin/../lib/gcc/arm-zephyr-eabi/14.3.0/../../../../arm-zephyr-eabi/lib/thumb/v7e-m+fp/hard/space\libc.a(libc_tinystdio_ryu_table.c.o)
                0x0800cfc4                __double_computeInvPow5
 .text.atan2f   0x0800d0bc      0x180 E:/zephyr-sdk-1.0.1/gnu/arm-zephyr-eabi/bin/../lib/gcc/arm-zephyr-eabi/14.3.0/../../../../arm-zephyr-eabi/lib/thumb/v7e-m+fp/hard/space\libc.a(libm_math_sf_atan2.c.o)
                0x0800d0bc                atan2f
 .text.cosf     0x0800d23c       0x74 E:/zephyr-sdk-1.0.1/gnu/arm-zephyr-eabi/bin/../lib/gcc/arm-zephyr-eabi/14.3.0/../../../../arm-zephyr-eabi/lib/thumb/v7e-m+fp/hard/space\libc.a(libm_math_sf_cos.c.o)
                0x0800d23c                _cosf
                0x0800d23c                cosf
 .text.__rem_pio2f
                0x0800d2b0      0x254 E:/zephyr-sdk-1.0.1/gnu/arm-zephyr-eabi/bin/../lib/gcc/arm-zephyr-eabi/14.3.0/../../../../arm-zephyr-eabi/lib/thumb/v7e-m+fp/hard/space\libc.a(libm_math_sf_rem_pio2.c.o)
                0x0800d2b0                __rem_pio2f
 .text.sinf     0x0800d504       0x78 E:/zephyr-sdk-1.0.1/gnu/arm-zephyr-eabi/bin/../lib/gcc/arm-zephyr-eabi/14.3.0/../../../../arm-zephyr-eabi/lib/thumb/v7e-m+fp/hard/space\libc.a(libm_math_sf_sin.c.o)
                0x0800d504                sinf
                0x0800d504                _sinf
 .text.__math_invalidf
                0x0800d57c       0x28 E:/zephyr-sdk-1.0.1/gnu/arm-zephyr-eabi/bin/../lib/gcc/arm-zephyr-eabi/14.3.0/../../../../arm-zephyr-eabi/lib/thumb/v7e-m+fp/hard/space\libc.a(libm_common_math_errf_invalidf.c.o)
                0x0800d57c                __math_invalidf
 .text.__kernel_cosf
                0x0800d5a4       0xb0 E:/zephyr-sdk-1.0.1/gnu/arm-zephyr-eabi/bin/../lib/gcc/arm-zephyr-eabi/14.3.0/../../../../arm-zephyr-eabi/lib/thumb/v7e-m+fp/hard/space\libc.a(libm_math_kf_cos.c.o)
                0x0800d5a4                __kernel_cosf
 .text.__kernel_rem_pio2f
                0x0800d654      0x4cc E:/zephyr-sdk-1.0.1/gnu/arm-zephyr-eabi/bin/../lib/gcc/arm-zephyr-eabi/14.3.0/../../../../arm-zephyr-eabi/lib/thumb/v7e-m+fp/hard/space\libc.a(libm_math_kf_rem_pio2.c.o)
                0x0800d654                __kernel_rem_pio2f
 .text.__kernel_sinf
                0x0800db20       0x90 E:/zephyr-sdk-1.0.1/gnu/arm-zephyr-eabi/bin/../lib/gcc/arm-zephyr-eabi/14.3.0/../../../../arm-zephyr-eabi/lib/thumb/v7e-m+fp/hard/space\libc.a(libm_math_kf_sin.c.o)
                0x0800db20                __kernel_sinf
 .text.atanf    0x0800dbb0      0x198 E:/zephyr-sdk-1.0.1/gnu/arm-zephyr-eabi/bin/../lib/gcc/arm-zephyr-eabi/14.3.0/../../../../arm-zephyr-eabi/lib/thumb/v7e-m+fp/hard/space\libc.a(libm_math_sf_atan.c.o)
                0x0800dbb0                atanf
 .text.__math_inexactf
                0x0800dd48       0x1c E:/zephyr-sdk-1.0.1/gnu/arm-zephyr-eabi/bin/../lib/gcc/arm-zephyr-eabi/14.3.0/../../../../arm-zephyr-eabi/lib/thumb/v7e-m+fp/hard/space\libc.a(libm_common_math_inexactf.c.o)
                0x0800dd48                __math_inexactf
 .text.scalbnf  0x0800dd64       0x8c E:/zephyr-sdk-1.0.1/gnu/arm-zephyr-eabi/bin/../lib/gcc/arm-zephyr-eabi/14.3.0/../../../../arm-zephyr-eabi/lib/thumb/v7e-m+fp/hard/space\libc.a(libm_common_sf_scalbn.c.o)
                0x0800dd64                scalbnf
                0x0800dd64                ldexpf
 .text.__math_uflowf
                0x0800ddf0       0x20 E:/zephyr-sdk-1.0.1/gnu/arm-zephyr-eabi/bin/../lib/gcc/arm-zephyr-eabi/14.3.0/../../../../arm-zephyr-eabi/lib/thumb/v7e-m+fp/hard/space\libc.a(libm_common_math_errf_uflowf.c.o)
                0x0800ddf0                __math_uflowf
 .text.__math_oflowf
                0x0800de10       0x20 E:/zephyr-sdk-1.0.1/gnu/arm-zephyr-eabi/bin/../lib/gcc/arm-zephyr-eabi/14.3.0/../../../../arm-zephyr-eabi/lib/thumb/v7e-m+fp/hard/space\libc.a(libm_common_math_errf_oflowf.c.o)
                0x0800de10                __math_oflowf
 .text.floorf   0x0800de30       0x60 E:/zephyr-sdk-1.0.1/gnu/arm-zephyr-eabi/bin/../lib/gcc/arm-zephyr-eabi/14.3.0/../../../../arm-zephyr-eabi/lib/thumb/v7e-m+fp/hard/space\libc.a(libm_machine_arm_sf_floor.c.o)
                0x0800de30                floorf
 .text._OffsetAbsSyms
                0x0800de90        0x2 zephyr/CMakeFiles/offsets.dir/./arch/arm/core/offsets/offsets.c.obj
                0x0800de90                _OffsetAbsSyms
 .text.minimal_test_serial_printf
                0x0800de92       0x2e app/libapp.a(minimal_test_serial.c.obj)
                0x0800de92                minimal_test_serial_printf
 .text.chunk_size
                0x0800dec0        0xa zephyr/libzephyr.a(heap.c.obj)
 .text.right_chunk
                0x0800deca        0xa zephyr/libzephyr.a(heap.c.obj)
 .text.free_list_remove
                0x0800ded4       0x1a zephyr/libzephyr.a(heap.c.obj)
 .text.merge_chunks
                0x0800deee       0x2c zephyr/libzephyr.a(heap.c.obj)
 .text.cbpprintf_external
                0x0800df1a       0x62 zephyr/libzephyr.a(cbprintf_packaged.c.obj)
                0x0800df1a                cbpprintf_external
 .text.is_ptr   0x0800df7c       0x3a zephyr/libzephyr.a(cbprintf_packaged.c.obj)
                0x0800df7c                is_ptr
 .text.arch_printk_char_out
                0x0800dfb6        0x4 zephyr/libzephyr.a(printk.c.obj)
                0x0800dfb6                arch_printk_char_out
 .text.vprintk  0x0800dfba        0x4 zephyr/libzephyr.a(printk.c.obj)
                0x0800dfba                vprintk
 .text.printk   0x0800dfbe       0x1a zephyr/libzephyr.a(printk.c.obj)
                0x0800dfbe                printk
 .text.assert_post_action
                0x0800dfd8       0x12 zephyr/libzephyr.a(assert.c.obj)
                0x0800dfd8                assert_post_action
 .text.assert_print
                0x0800dfea       0x1a zephyr/libzephyr.a(assert.c.obj)
                0x0800dfea                assert_print
 .text.free_space
                0x0800e004       0x26 zephyr/libzephyr.a(mpsc_pbuf.c.obj)
 .text.get_usage
                0x0800e02a       0x22 zephyr/libzephyr.a(mpsc_pbuf.c.obj)
 .text.idx_inc  0x0800e04c       0x1c zephyr/libzephyr.a(mpsc_pbuf.c.obj)
 .text.rd_idx_inc
                0x0800e068       0x18 zephyr/libzephyr.a(mpsc_pbuf.c.obj)
 .text.add_skip_item
                0x0800e080       0x3a zephyr/libzephyr.a(mpsc_pbuf.c.obj)
 .text.drop_item_locked
                0x0800e0ba       0xfa zephyr/libzephyr.a(mpsc_pbuf.c.obj)
 .text.post_drop_action
                0x0800e1b4       0x36 zephyr/libzephyr.a(mpsc_pbuf.c.obj)
 .text.max_utilization_update
                0x0800e1ea       0x1a zephyr/libzephyr.a(mpsc_pbuf.c.obj)
 .text.setup_bundle_data.isra.0
                0x0800e204       0x3a zephyr/libzephyr.a(bitarray.c.obj)
 .text.match_region
                0x0800e23e       0x64 zephyr/libzephyr.a(bitarray.c.obj)
 .text.set_region
                0x0800e2a2       0x90 zephyr/libzephyr.a(bitarray.c.obj)
 .text.bitmask_find_gap
                0x0800e332       0x76 zephyr/libzephyr.a(bitmask.c.obj)
                0x0800e332                bitmask_find_gap
 .text._ConfigAbsSyms
                0x0800e3a8        0x2 zephyr/libzephyr.a(configs.c.obj)
                0x0800e3a8                _ConfigAbsSyms
 .text.stm32_gpioport_configure_pin
                0x0800e3aa      0x10a zephyr/libzephyr.a(gpioport_mgr.c.obj)
                0x0800e3aa                stm32_gpioport_configure_pin
 .text.log_msg_generic_get_wlen
                0x0800e4b4       0x20 zephyr/libzephyr.a(log_core.c.obj)
 .text.dummy_timestamp
                0x0800e4d4        0x4 zephyr/libzephyr.a(log_core.c.obj)
 .text.atomic_inc
                0x0800e4d8       0x1a zephyr/libzephyr.a(log_core.c.obj)
 .text.default_lf_get_timestamp
                0x0800e4f2        0x8 zephyr/libzephyr.a(log_core.c.obj)
 .text.z_log_vprintk
                0x0800e4fa       0x1c zephyr/libzephyr.a(log_core.c.obj)
                0x0800e4fa                z_log_vprintk
 .text.z_log_notify_drop
                0x0800e516        0x6 zephyr/libzephyr.a(log_core.c.obj)
 .text.z_log_get_tag
                0x0800e51c        0x4 zephyr/libzephyr.a(log_core.c.obj)
                0x0800e51c                z_log_get_tag
 .text.log_backend_enable
                0x0800e520       0x12 zephyr/libzephyr.a(log_mgmt.c.obj)
                0x0800e520                log_backend_enable
 .text.z_cbprintf_cpy
                0x0800e532       0x2e zephyr/libzephyr.a(log_msg.c.obj)
 .text.z_log_msg_finalize
                0x0800e560       0x32 zephyr/libzephyr.a(log_msg.c.obj)
                0x0800e560                z_log_msg_finalize
 .text.z_log_msg_simple_create
                0x0800e592       0x6e zephyr/libzephyr.a(log_msg.c.obj)
 .text.z_impl_z_log_msg_simple_create_0
                0x0800e600       0x12 zephyr/libzephyr.a(log_msg.c.obj)
                0x0800e600                z_impl_z_log_msg_simple_create_0
 .text.z_impl_z_log_msg_simple_create_1
                0x0800e612       0x14 zephyr/libzephyr.a(log_msg.c.obj)
                0x0800e612                z_impl_z_log_msg_simple_create_1
 .text.z_impl_z_log_msg_simple_create_2
                0x0800e626       0x18 zephyr/libzephyr.a(log_msg.c.obj)
                0x0800e626                z_impl_z_log_msg_simple_create_2
 .text.log_output_write
                0x0800e63e       0x1c zephyr/libzephyr.a(log_output.c.obj)
 .text.log_output_flush
                0x0800e65a       0x1a zephyr/libzephyr.a(log_output.c.obj)
 .text.cr_out_func
                0x0800e674       0x1c zephyr/libzephyr.a(log_output.c.obj)
 .text.log_output_msg_process
                0x0800e690       0x6c zephyr/libzephyr.a(log_output.c.obj)
                0x0800e690                log_output_msg_process
 .text.arch_early_memset
                0x0800e6fc        0x4 zephyr/arch/common/libarch__common.a(init.c.obj)
                0x0800e6fc                arch_early_memset
 .text.arch_early_memcpy
                0x0800e700        0x4 zephyr/arch/common/libarch__common.a(init.c.obj)
                0x0800e700                arch_early_memcpy
 .text.z_shared_isr
                0x0800e704       0x20 zephyr/arch/common/libarch__common.a(shared_irq.c.obj)
                0x0800e704                z_shared_isr
 .text.z_do_kernel_oops
                0x0800e724        0x8 zephyr/arch/arch/arm/core/libarch__arm__core.a(fatal.c.obj)
                0x0800e724                z_do_kernel_oops
 .text.z_arm_nmi
                0x0800e72c        0xe zephyr/arch/arch/arm/core/libarch__arm__core.a(nmi.c.obj)
                0x0800e72c                z_arm_nmi
 .text.z_log_msg_simple_create_0.constprop.0
                0x0800e73a        0x8 zephyr/arch/arch/arm/core/cortex_m/libarch__arm__core__cortex_m.a(fault.c.obj)
 .text.z_irq_spurious
                0x0800e742        0x8 zephyr/arch/arch/arm/core/cortex_m/libarch__arm__core__cortex_m.a(irq_manage.c.obj)
                0x0800e742                z_irq_spurious
 .text.arch_coprocessors_disable
                0x0800e74a        0x4 zephyr/arch/arch/arm/core/cortex_m/libarch__arm__core__cortex_m.a(thread.c.obj)
                0x0800e74a                arch_coprocessors_disable
 .text.arch_irq_unlock_outlined
                0x0800e74e        0xe zephyr/arch/arch/arm/core/cortex_m/libarch__arm__core__cortex_m.a(thread.c.obj)
                0x0800e74e                arch_irq_unlock_outlined
 .text.arch_cpu_idle
                0x0800e75c       0x1a zephyr/arch/arch/arm/core/cortex_m/libarch__arm__core__cortex_m.a(cpu_idle.c.obj)
                0x0800e75c                arch_cpu_idle
 .text.size_to_mpu_rasr_size
                0x0800e776       0x20 zephyr/arch/arch/arm/core/mpu/libarch__arm__core__mpu.a(arm_mpu.c.obj)
 .text.cbputc   0x0800e796        0xc zephyr/lib/libc/picolibc/liblib__libc__picolibc.a(cbprintf.c.obj)
 .text.picolibc_put
                0x0800e7a2        0xa zephyr/lib/libc/picolibc/liblib__libc__picolibc.a(stdio.c.obj)
 .text.mpsc_pop
                0x0800e7ac       0x4e zephyr/subsys/rtio/libsubsys__rtio.a(rtio_executor.c.obj)
 .text.rtio_cqe_submit
                0x0800e7fa       0xb8 zephyr/subsys/rtio/libsubsys__rtio.a(rtio_executor.c.obj)
 .text.rtio_executor_err
                0x0800e8b2        0x6 zephyr/subsys/rtio/libsubsys__rtio.a(rtio_executor.c.obj)
                0x0800e8b2                rtio_executor_err
 .text.rtio_executor_done
                0x0800e8b8      0x150 zephyr/subsys/rtio/libsubsys__rtio.a(rtio_executor.c.obj)
 .text.rtio_executor_ok
                0x0800ea08        0x6 zephyr/subsys/rtio/libsubsys__rtio.a(rtio_executor.c.obj)
                0x0800ea08                rtio_executor_ok
 .text.rtio_executor_sqe_signaled
                0x0800ea0e        0x6 zephyr/subsys/rtio/libsubsys__rtio.a(rtio_executor.c.obj)
 .text.rtio_sched_alarm_expired
                0x0800ea14        0x8 zephyr/subsys/rtio/libsubsys__rtio.a(rtio_sched.c.obj)
 .text.z_log_msg_simple_create_1.constprop.0
                0x0800ea1c        0xa zephyr/drivers/interrupt_controller/libdrivers__interrupt_controller.a(intc_exti_stm32.c.obj)
 .text.stm32_exti_gpio_intc_init
                0x0800ea26       0x92 zephyr/drivers/interrupt_controller/libdrivers__interrupt_controller.a(intc_gpio_stm32.c.obj)
 .text.stm32_gpio_intc_get_pin_irq_line
                0x0800eab8        0xa zephyr/drivers/interrupt_controller/libdrivers__interrupt_controller.a(intc_gpio_stm32.c.obj)
                0x0800eab8                stm32_gpio_intc_get_pin_irq_line
 .text.stm32_exti_set_line_src_port
                0x0800eac2       0x36 zephyr/drivers/interrupt_controller/libdrivers__interrupt_controller.a(intc_gpio_stm32.c.obj)
                0x0800eac2                stm32_exti_set_line_src_port
 .text.z_impl_can_set_timing
                0x0800eaf8       0x66 zephyr/drivers/can/libdrivers__can.a(can_common.c.obj)
                0x0800eaf8                z_impl_can_set_timing
 .text.can_stm32_signal_tx_complete
                0x0800eb5e       0x14 zephyr/drivers/can/libdrivers__can.a(can_stm32_bxcan.c.obj)
 .text.can_stm32_get_state
                0x0800eb72       0x42 zephyr/drivers/can/libdrivers__can.a(can_stm32_bxcan.c.obj)
 .text.can_stm32_get_capabilities
                0x0800ebb4        0x8 zephyr/drivers/can/libdrivers__can.a(can_stm32_bxcan.c.obj)
 .text.can_stm32_get_max_filters
                0x0800ebbc        0xa zephyr/drivers/can/libdrivers__can.a(can_stm32_bxcan.c.obj)
 .text.can_stm32_set_state_change_callback
                0x0800ebc6       0x1e zephyr/drivers/can/libdrivers__can.a(can_stm32_bxcan.c.obj)
 .text.config_can_0_irq
                0x0800ebe4       0x42 zephyr/drivers/can/libdrivers__can.a(can_stm32_bxcan.c.obj)
 .text.can_stm32_tx_isr_handler
                0x0800ec26      0x104 zephyr/drivers/can/libdrivers__can.a(can_stm32_bxcan.c.obj)
 .text.can_stm32_tx_isr
                0x0800ed2a        0x4 zephyr/drivers/can/libdrivers__can.a(can_stm32_bxcan.c.obj)
 .text.can_stm32_state_change_isr
                0x0800ed2e       0x4e zephyr/drivers/can/libdrivers__can.a(can_stm32_bxcan.c.obj)
 .text.k_mutex_lock.constprop.0.isra.0
                0x0800ed7c        0x4 zephyr/drivers/can/libdrivers__can.a(can_stm32_bxcan.c.obj)
 .text.k_mutex_unlock.isra.0
                0x0800ed80        0x4 zephyr/drivers/can/libdrivers__can.a(can_stm32_bxcan.c.obj)
 .text.stm32_clock_control_on
                0x0800ed84       0x44 zephyr/drivers/clock_control/libdrivers__clock_control.a(clock_stm32_ll_common.c.obj)
 .text.stm32_clock_control_off
                0x0800edc8       0x2c zephyr/drivers/clock_control/libdrivers__clock_control.a(clock_stm32_ll_common.c.obj)
 .text.stm32_clock_control_configure
                0x0800edf4       0x46 zephyr/drivers/clock_control/libdrivers__clock_control.a(clock_stm32_ll_common.c.obj)
 .text.stm32_clock_control_get_status
                0x0800ee3a       0x38 zephyr/drivers/clock_control/libdrivers__clock_control.a(clock_stm32_ll_common.c.obj)
 .text.config_regulator_voltage
                0x0800ee72        0x2 zephyr/drivers/clock_control/libdrivers__clock_control.a(clock_stm32_ll_common.c.obj)
                0x0800ee72                config_regulator_voltage
 .text.gpio_stm32_port_get_raw
                0x0800ee74        0xc zephyr/drivers/gpio/libdrivers__gpio.a(gpio_stm32.c.obj)
 .text.gpio_stm32_port_set_masked_raw
                0x0800ee80       0x12 zephyr/drivers/gpio/libdrivers__gpio.a(gpio_stm32.c.obj)
 .text.gpio_stm32_port_set_bits_raw
                0x0800ee92        0xa zephyr/drivers/gpio/libdrivers__gpio.a(gpio_stm32.c.obj)
 .text.gpio_stm32_port_clear_bits_raw
                0x0800ee9c        0xc zephyr/drivers/gpio/libdrivers__gpio.a(gpio_stm32.c.obj)
 .text.gpio_stm32_port_toggle_bits
                0x0800eea8        0xe zephyr/drivers/gpio/libdrivers__gpio.a(gpio_stm32.c.obj)
 .text.gpio_stm32_config
                0x0800eeb6       0xd6 zephyr/drivers/gpio/libdrivers__gpio.a(gpio_stm32.c.obj)
 .text.mpsc_pop
                0x0800ef8c       0x4e zephyr/drivers/i2c/libdrivers__i2c.a(i2c_rtio.c.obj)
 .text.rtio_sqe_acquire
                0x0800efda       0x3c zephyr/drivers/i2c/libdrivers__i2c.a(i2c_rtio.c.obj)
 .text.rtio_sqe_drop_all
                0x0800f016       0x42 zephyr/drivers/i2c/libdrivers__i2c.a(i2c_rtio.c.obj)
 .text.rtio_cqe_consume
                0x0800f058       0x20 zephyr/drivers/i2c/libdrivers__i2c.a(i2c_rtio.c.obj)
 .text.i2c_iodev_submit
                0x0800f078       0x1a zephyr/drivers/i2c/libdrivers__i2c.a(i2c_rtio.c.obj)
 .text.rtio_cqe_release.isra.0
                0x0800f092       0x28 zephyr/drivers/i2c/libdrivers__i2c.a(i2c_rtio.c.obj)
 .text.i2c_rtio_complete
                0x0800f0ba       0x3c zephyr/drivers/i2c/libdrivers__i2c.a(i2c_rtio.c.obj)
                0x0800f0ba                i2c_rtio_complete
 .text.i2c_rtio_submit
                0x0800f0f6       0x2e zephyr/drivers/i2c/libdrivers__i2c.a(i2c_rtio.c.obj)
                0x0800f0f6                i2c_rtio_submit
 .text.i2c_stm32_event_isr
                0x0800f124        0x4 zephyr/drivers/i2c/libdrivers__i2c.a(i2c_stm32_common.c.obj)
                0x0800f124                i2c_stm32_event_isr
 .text.i2c_stm32_error_isr
                0x0800f128        0x4 zephyr/drivers/i2c/libdrivers__i2c.a(i2c_stm32_common.c.obj)
                0x0800f128                i2c_stm32_error_isr
 .text.i2c_stm32_get_config
                0x0800f12c        0xa zephyr/drivers/i2c/libdrivers__i2c.a(i2c_stm32_rtio.c.obj)
                0x0800f12c                i2c_stm32_get_config
 .text.i2c_stm32_configure
                0x0800f136        0x8 zephyr/drivers/i2c/libdrivers__i2c.a(i2c_stm32_rtio.c.obj)
 .text.i2c_stm32_irq_config_func_0
                0x0800f13e       0x26 zephyr/drivers/i2c/libdrivers__i2c.a(i2c_stm32_rtio.c.obj)
 .text.i2c_stm32_submit
                0x0800f164       0x22 zephyr/drivers/i2c/libdrivers__i2c.a(i2c_stm32_rtio.c.obj)
 .text.i2c_stm32_controller_mode_end
                0x0800f186       0x52 zephyr/drivers/i2c/libdrivers__i2c.a(i2c_stm32_v1_rtio.c.obj)
 .text.handle_txe
                0x0800f1d8       0x4a zephyr/drivers/i2c/libdrivers__i2c.a(i2c_stm32_v1_rtio.c.obj)
 .text.handle_rxne
                0x0800f222       0x9e zephyr/drivers/i2c/libdrivers__i2c.a(i2c_stm32_v1_rtio.c.obj)
 .text.i2c_stm32_event
                0x0800f2c0      0x194 zephyr/drivers/i2c/libdrivers__i2c.a(i2c_stm32_v1_rtio.c.obj)
                0x0800f2c0                i2c_stm32_event
 .text.i2c_stm32_error
                0x0800f454       0x4e zephyr/drivers/i2c/libdrivers__i2c.a(i2c_stm32_v1_rtio.c.obj)
                0x0800f454                i2c_stm32_error
 .text.i2c_stm32_msg_start
                0x0800f4a2       0x76 zephyr/drivers/i2c/libdrivers__i2c.a(i2c_stm32_v1_rtio.c.obj)
                0x0800f4a2                i2c_stm32_msg_start
 .text.pinctrl_lookup_state
                0x0800f518       0x26 zephyr/drivers/pinctrl/libdrivers__pinctrl.a(common.c.obj)
                0x0800f518                pinctrl_lookup_state
 .text.pinctrl_configure_pins
                0x0800f53e       0x82 zephyr/drivers/pinctrl/libdrivers__pinctrl.a(pinctrl_stm32.c.obj)
                0x0800f53e                pinctrl_configure_pins
 .text.LL_TIM_OC_SetCompareCH1
                0x0800f5c0        0x4 zephyr/drivers/pwm/libdrivers__pwm.a(pwm_stm32.c.obj)
 .text.LL_TIM_OC_SetCompareCH2
                0x0800f5c4        0x4 zephyr/drivers/pwm/libdrivers__pwm.a(pwm_stm32.c.obj)
 .text.LL_TIM_OC_SetCompareCH3
                0x0800f5c8        0x4 zephyr/drivers/pwm/libdrivers__pwm.a(pwm_stm32.c.obj)
 .text.LL_TIM_OC_SetCompareCH4
                0x0800f5cc        0x4 zephyr/drivers/pwm/libdrivers__pwm.a(pwm_stm32.c.obj)
 .text.pwm_stm32_get_cycles_per_sec
                0x0800f5d0       0x16 zephyr/drivers/pwm/libdrivers__pwm.a(pwm_stm32.c.obj)
 .text.reset_stm32_status
                0x0800f5e6       0x20 zephyr/drivers/reset/libdrivers__reset.a(reset_stm32.c.obj)
 .text.reset_stm32_line_assert
                0x0800f606       0x1c zephyr/drivers/reset/libdrivers__reset.a(reset_stm32.c.obj)
 .text.reset_stm32_line_deassert
                0x0800f622       0x1e zephyr/drivers/reset/libdrivers__reset.a(reset_stm32.c.obj)
 .text.reset_stm32_line_toggle
                0x0800f640       0x16 zephyr/drivers/reset/libdrivers__reset.a(reset_stm32.c.obj)
 .text.bmi08x_accel_transceive
                0x0800f656       0x10 zephyr/drivers/sensor/bosch/bmi08x/libdrivers__sensor__bosch__bmi08x.a(bmi08x_accel.c.obj)
 .text.k_msleep.isra.0
                0x0800f666        0x6 zephyr/drivers/sensor/bosch/bmi08x/libdrivers__sensor__bosch__bmi08x.a(bmi08x_accel.c.obj)
 .text.bmi08x_bus_check_spi
                0x0800f66c       0x24 zephyr/drivers/sensor/bosch/bmi08x/libdrivers__sensor__bosch__bmi08x.a(bmi08x_accel.c.obj)
 .text.bmi08x_accel_transceive_spi
                0x0800f690       0x54 zephyr/drivers/sensor/bosch/bmi08x/libdrivers__sensor__bosch__bmi08x.a(bmi08x_accel.c.obj)
 .text.bmi08x_accel_read
                0x0800f6e4       0x16 zephyr/drivers/sensor/bosch/bmi08x/libdrivers__sensor__bosch__bmi08x.a(bmi08x_accel.c.obj)
                0x0800f6e4                bmi08x_accel_read
 .text.bmi08x_sample_fetch
                0x0800f6fa       0x1a zephyr/drivers/sensor/bosch/bmi08x/libdrivers__sensor__bosch__bmi08x.a(bmi08x_accel.c.obj)
 .text.bmi08x_accel_byte_read
                0x0800f714       0x18 zephyr/drivers/sensor/bosch/bmi08x/libdrivers__sensor__bosch__bmi08x.a(bmi08x_accel.c.obj)
                0x0800f714                bmi08x_accel_byte_read
 .text.bmi08x_bus_init_spi
                0x0800f72c       0x22 zephyr/drivers/sensor/bosch/bmi08x/libdrivers__sensor__bosch__bmi08x.a(bmi08x_accel.c.obj)
 .text.bmi08x_accel_byte_write
                0x0800f74e       0x1c zephyr/drivers/sensor/bosch/bmi08x/libdrivers__sensor__bosch__bmi08x.a(bmi08x_accel.c.obj)
                0x0800f74e                bmi08x_accel_byte_write
 .text.bmi08x_accel_reg_field_update
                0x0800f76a       0x3e zephyr/drivers/sensor/bosch/bmi08x/libdrivers__sensor__bosch__bmi08x.a(bmi08x_accel.c.obj)
                0x0800f76a                bmi08x_accel_reg_field_update
 .text.bmi08x_gyro_transceive
                0x0800f7a8       0x10 zephyr/drivers/sensor/bosch/bmi08x/libdrivers__sensor__bosch__bmi08x.a(bmi08x_gyro.c.obj)
 .text.bmi08x_bus_check_spi
                0x0800f7b8       0x24 zephyr/drivers/sensor/bosch/bmi08x/libdrivers__sensor__bosch__bmi08x.a(bmi08x_gyro.c.obj)
 .text.bmi08x_gyro_transceive_spi
                0x0800f7dc       0x56 zephyr/drivers/sensor/bosch/bmi08x/libdrivers__sensor__bosch__bmi08x.a(bmi08x_gyro.c.obj)
 .text.bmi08x_gyro_read
                0x0800f832       0x16 zephyr/drivers/sensor/bosch/bmi08x/libdrivers__sensor__bosch__bmi08x.a(bmi08x_gyro.c.obj)
                0x0800f832                bmi08x_gyro_read
 .text.bmi08x_sample_fetch
                0x0800f848       0x1a zephyr/drivers/sensor/bosch/bmi08x/libdrivers__sensor__bosch__bmi08x.a(bmi08x_gyro.c.obj)
 .text.bmi08x_gyro_byte_read
                0x0800f862       0x18 zephyr/drivers/sensor/bosch/bmi08x/libdrivers__sensor__bosch__bmi08x.a(bmi08x_gyro.c.obj)
                0x0800f862                bmi08x_gyro_byte_read
 .text.bmi08x_gyro_byte_write
                0x0800f87a       0x1c zephyr/drivers/sensor/bosch/bmi08x/libdrivers__sensor__bosch__bmi08x.a(bmi08x_gyro.c.obj)
                0x0800f87a                bmi08x_gyro_byte_write
 .text.bmi08x_range_to_reg_val
                0x0800f896       0x22 zephyr/drivers/sensor/bosch/bmi08x/libdrivers__sensor__bosch__bmi08x.a(bmi08x.c.obj)
                0x0800f896                bmi08x_range_to_reg_val
 .text.mpsc_pop
                0x0800f8b8       0x4e zephyr/drivers/sensor/bosch/bmi08x/libdrivers__sensor__bosch__bmi08x.a(bmi08x_bus.c.obj)
 .text.rtio_sqe_acquire
                0x0800f906       0x3c zephyr/drivers/sensor/bosch/bmi08x/libdrivers__sensor__bosch__bmi08x.a(bmi08x_bus.c.obj)
 .text.rtio_sqe_drop_all
                0x0800f942       0x42 zephyr/drivers/sensor/bosch/bmi08x/libdrivers__sensor__bosch__bmi08x.a(bmi08x_bus.c.obj)
 .text.mpsc_pop
                0x0800f984       0x4e zephyr/drivers/sensor/bosch/bmi08x/libdrivers__sensor__bosch__bmi08x.a(bmi08x_gyro_async.c.obj)
 .text.bmi08x_complete_result
                0x0800f9d2       0x6a zephyr/drivers/sensor/bosch/bmi08x/libdrivers__sensor__bosch__bmi08x.a(bmi08x_gyro_async.c.obj)
 .text.bmi08x_decoder_get_frame_count
                0x0800fa3c       0x2c zephyr/drivers/sensor/bosch/bmi08x/libdrivers__sensor__bosch__bmi08x.a(bmi08x_gyro_decoder.c.obj)
 .text.bmi08x_decoder_get_size_info
                0x0800fa68       0x22 zephyr/drivers/sensor/bosch/bmi08x/libdrivers__sensor__bosch__bmi08x.a(bmi08x_gyro_decoder.c.obj)
 .text.bmi08x_decoder_has_trigger
                0x0800fa8a       0x26 zephyr/drivers/sensor/bosch/bmi08x/libdrivers__sensor__bosch__bmi08x.a(bmi08x_gyro_decoder.c.obj)
 .text.bmi08x_gyro_encode_header
                0x0800fab0       0x38 zephyr/drivers/sensor/bosch/bmi08x/libdrivers__sensor__bosch__bmi08x.a(bmi08x_gyro_decoder.c.obj)
                0x0800fab0                bmi08x_gyro_encode_header
 .text.mpsc_pop
                0x0800fae8       0x4e zephyr/drivers/sensor/bosch/bmi08x/libdrivers__sensor__bosch__bmi08x.a(bmi08x_accel_async.c.obj)
 .text.bmi08x_complete_result
                0x0800fb36       0x6a zephyr/drivers/sensor/bosch/bmi08x/libdrivers__sensor__bosch__bmi08x.a(bmi08x_accel_async.c.obj)
 .text.bmi08x_decoder_get_frame_count
                0x0800fba0       0x2c zephyr/drivers/sensor/bosch/bmi08x/libdrivers__sensor__bosch__bmi08x.a(bmi08x_accel_decoder.c.obj)
 .text.bmi08x_decoder_get_size_info
                0x0800fbcc       0x22 zephyr/drivers/sensor/bosch/bmi08x/libdrivers__sensor__bosch__bmi08x.a(bmi08x_accel_decoder.c.obj)
 .text.bmi08x_decoder_has_trigger
                0x0800fbee       0x14 zephyr/drivers/sensor/bosch/bmi08x/libdrivers__sensor__bosch__bmi08x.a(bmi08x_accel_decoder.c.obj)
 .text.bmi08x_accel_encode_header
                0x0800fc02       0x42 zephyr/drivers/sensor/bosch/bmi08x/libdrivers__sensor__bosch__bmi08x.a(bmi08x_accel_decoder.c.obj)
                0x0800fc02                bmi08x_accel_encode_header
 .text.z_log_msg_simple_create_0.constprop.0
                0x0800fc44        0x8 zephyr/drivers/sensor/ist8310/libdrivers__sensor__ist8310.a(ist8310.c.obj)
 .text.ist8310_reg_write.isra.0
                0x0800fc4c        0x6 zephyr/drivers/sensor/ist8310/libdrivers__sensor__ist8310.a(ist8310.c.obj)
 .text.ist8310_reg_read.isra.0
                0x0800fc52        0xe zephyr/drivers/sensor/ist8310/libdrivers__sensor__ist8310.a(ist8310.c.obj)
 .text.ist8310_reg_read_i2c
                0x0800fc60       0x44 zephyr/drivers/sensor/ist8310/libdrivers__sensor__ist8310.a(ist8310_i2c.c.obj)
 .text.ist8310_bus_check_i2c
                0x0800fca4       0x14 zephyr/drivers/sensor/ist8310/libdrivers__sensor__ist8310.a(ist8310_i2c.c.obj)
 .text.ist8310_reg_write_i2c
                0x0800fcb8       0x36 zephyr/drivers/sensor/ist8310/libdrivers__sensor__ist8310.a(ist8310_i2c.c.obj)
 .text.sensor_clock_get_cycles
                0x0800fcee       0x18 zephyr/drivers/sensor/libdrivers__sensor.a(sensor_clock_sys.c.obj)
                0x0800fcee                sensor_clock_get_cycles
 .text.LL_USART_ClearFlag_PE
                0x0800fd06       0x12 zephyr/drivers/serial/libdrivers__serial.a(uart_stm32.c.obj)
 .text.uart_stm32_err_check
                0x0800fd18       0x5e zephyr/drivers/serial/libdrivers__serial.a(uart_stm32.c.obj)
 .text.uart_stm32_irq_tx_enable
                0x0800fd76       0x1e zephyr/drivers/serial/libdrivers__serial.a(uart_stm32.c.obj)
 .text.uart_stm32_irq_tx_disable
                0x0800fd94       0x1e zephyr/drivers/serial/libdrivers__serial.a(uart_stm32.c.obj)
 .text.uart_stm32_irq_tx_ready
                0x0800fdb2       0x14 zephyr/drivers/serial/libdrivers__serial.a(uart_stm32.c.obj)
 .text.uart_stm32_irq_tx_complete
                0x0800fdc6        0xc zephyr/drivers/serial/libdrivers__serial.a(uart_stm32.c.obj)
 .text.uart_stm32_irq_rx_enable
                0x0800fdd2       0x1e zephyr/drivers/serial/libdrivers__serial.a(uart_stm32.c.obj)
 .text.uart_stm32_irq_rx_disable
                0x0800fdf0       0x1e zephyr/drivers/serial/libdrivers__serial.a(uart_stm32.c.obj)
 .text.uart_stm32_irq_rx_ready
                0x0800fe0e        0xc zephyr/drivers/serial/libdrivers__serial.a(uart_stm32.c.obj)
 .text.uart_stm32_irq_is_pending
                0x0800fe1a       0x24 zephyr/drivers/serial/libdrivers__serial.a(uart_stm32.c.obj)
 .text.uart_stm32_irq_update
                0x0800fe3e        0x4 zephyr/drivers/serial/libdrivers__serial.a(uart_stm32.c.obj)
 .text.uart_stm32_irq_callback_set
                0x0800fe42        0x8 zephyr/drivers/serial/libdrivers__serial.a(uart_stm32.c.obj)
 .text.uart_stm32_isr
                0x0800fe4a        0xc zephyr/drivers/serial/libdrivers__serial.a(uart_stm32.c.obj)
 .text.uart_stm32_irq_config_func_0
                0x0800fe56       0x16 zephyr/drivers/serial/libdrivers__serial.a(uart_stm32.c.obj)
 .text.uart_stm32_poll_in
                0x0800fe6c       0x22 zephyr/drivers/serial/libdrivers__serial.a(uart_stm32.c.obj)
 .text.uart_stm32_poll_out
                0x0800fe8e       0x36 zephyr/drivers/serial/libdrivers__serial.a(uart_stm32.c.obj)
 .text.uart_stm32_config_get
                0x0800fec4       0x8e zephyr/drivers/serial/libdrivers__serial.a(uart_stm32.c.obj)
 .text.uart_stm32_fifo_read
                0x0800ff52       0x42 zephyr/drivers/serial/libdrivers__serial.a(uart_stm32.c.obj)
 .text.uart_stm32_fifo_fill
                0x0800ff94       0x50 zephyr/drivers/serial/libdrivers__serial.a(uart_stm32.c.obj)
 .text.mpsc_pop
                0x0800ffe4       0x4e zephyr/drivers/spi/libdrivers__spi.a(spi_rtio.c.obj)
 .text.spi_iodev_submit
                0x08010032        0xe zephyr/drivers/spi/libdrivers__spi.a(spi_rtio.c.obj)
 .text.spi_rtio_copy
                0x08010040      0x312 zephyr/drivers/spi/libdrivers__spi.a(spi_rtio.c.obj)
                0x08010040                spi_rtio_copy
 .text.spi_rtio_complete
                0x08010352       0x24 zephyr/drivers/spi/libdrivers__spi.a(spi_rtio.c.obj)
                0x08010352                spi_rtio_complete
 .text.spi_rtio_submit
                0x08010376       0x2e zephyr/drivers/spi/libdrivers__spi.a(spi_rtio.c.obj)
                0x08010376                spi_rtio_submit
 .text.ll_disable_spi
                0x080103a4       0x10 zephyr/drivers/spi/libdrivers__spi.a(spi_stm32.c.obj)
 .text.bits2bytes
                0x080103b4       0x16 zephyr/drivers/spi/libdrivers__spi.a(spi_stm32.c.obj)
 .text.spi_stm32_irq_config_func_0
                0x080103ca       0x16 zephyr/drivers/spi/libdrivers__spi.a(spi_stm32.c.obj)
 .text.spi_stm32_pinctrl_apply.isra.0
                0x080103e0       0x2a zephyr/drivers/spi/libdrivers__spi.a(spi_stm32.c.obj)
 .text._spi_context_cs_control
                0x0801040a       0x40 zephyr/drivers/spi/libdrivers__spi.a(spi_stm32.c.obj)
 .text.spi_context_unlock_unconditionally
                0x0801044a       0x20 zephyr/drivers/spi/libdrivers__spi.a(spi_stm32.c.obj)
 .text.spi_stm32_release
                0x0801046a       0x16 zephyr/drivers/spi/libdrivers__spi.a(spi_stm32.c.obj)
 .text.spi_stm32_iodev_msg_start.isra.0
                0x08010480       0x86 zephyr/drivers/spi/libdrivers__spi.a(spi_stm32.c.obj)
 .text.spi_stm32_iodev_complete
                0x08010506       0x4e zephyr/drivers/spi/libdrivers__spi.a(spi_stm32.c.obj)
 .text.spi_stm32_iodev_submit
                0x08010554       0x2c zephyr/drivers/spi/libdrivers__spi.a(spi_stm32.c.obj)
 .text.spi_stm32_transceive_sync
                0x08010580       0x5c zephyr/drivers/spi/libdrivers__spi.a(spi_stm32.c.obj)
 .text.spi_stm32_complete
                0x080105dc       0x9e zephyr/drivers/spi/libdrivers__spi.a(spi_stm32.c.obj)
 .text.spi_stm32_isr
                0x0801067a       0xfa zephyr/drivers/spi/libdrivers__spi.a(spi_stm32.c.obj)
 .text._GetAvailWriteSpace
                0x08010774       0x12 modules/segger/libmodules__segger.a(SEGGER_RTT.c.obj)
 .text._WriteNoCheck
                0x08010786       0x36 modules/segger/libmodules__segger.a(SEGGER_RTT.c.obj)
 .text._WriteBlocking
                0x080107bc       0x54 modules/segger/libmodules__segger.a(SEGGER_RTT.c.obj)
 .text.rtt_init
                0x08010810        0xa modules/segger/libmodules__segger.a(SEGGER_RTT_zephyr.c.obj)
 .text.zephyr_rtt_irq_lock
                0x0801081a       0x10 modules/segger/libmodules__segger.a(SEGGER_RTT_zephyr.c.obj)
                0x0801081a                zephyr_rtt_irq_lock
 .text.zephyr_rtt_irq_unlock
                0x0801082a        0xa modules/segger/libmodules__segger.a(SEGGER_RTT_zephyr.c.obj)
                0x0801082a                zephyr_rtt_irq_unlock
 .text.z_impl_k_busy_wait
                0x08010834       0x1c zephyr/kernel/libkernel.a(busy_wait.c.obj)
                0x08010834                z_impl_k_busy_wait
 .text.z_impl_device_is_ready
                0x08010850       0x16 zephyr/kernel/libkernel.a(device.c.obj)
                0x08010850                z_impl_device_is_ready
 .text.arch_system_halt
                0x08010866       0x10 zephyr/kernel/libkernel.a(fatal.c.obj)
                0x08010866                arch_system_halt
 .text.create_free_list
                0x08010876       0x44 zephyr/kernel/libkernel.a(mem_slab.c.obj)
 .text.adjust_owner_prio.isra.0
                0x080108ba       0x10 zephyr/kernel/libkernel.a(mutex.c.obj)
 .text.z_impl_k_mutex_init
                0x080108ca        0xe zephyr/kernel/libkernel.a(mutex.c.obj)
                0x080108ca                z_impl_k_mutex_init
 .text.z_queue_node_peek
                0x080108d8       0x18 zephyr/kernel/libkernel.a(queue.c.obj)
                0x080108d8                z_queue_node_peek
 .text.z_impl_k_sem_init
                0x080108f0       0x18 zephyr/kernel/libkernel.a(sem.c.obj)
                0x080108f0                z_impl_k_sem_init
 .text.k_is_in_isr
                0x08010908        0xc zephyr/kernel/libkernel.a(thread.c.obj)
                0x08010908                k_is_in_isr
 .text.k_thread_name_get
                0x08010914        0x4 zephyr/kernel/libkernel.a(thread.c.obj)
                0x08010914                k_thread_name_get
 .text.sys_dlist_remove
                0x08010918       0x10 zephyr/kernel/libkernel.a(sched.c.obj)
 .text.add_to_waitq_locked